Archive member included to satisfy reference by file (symbol)

../../include/LCD_st7735/libLCD_st7735.a(LCD_st7735.c.obj)
                              CMakeFiles/parent_headsup_int8.dir/image_provider.cpp.obj (ST7735_Init)
../../include/LCD_st7735/libLCD_st7735.a(fonts.c.obj)
                              CMakeFiles/parent_headsup_int8.dir/main_functions.cpp.obj (Font_16x26)
../../include/LCD_st7735/libLCD_st7735.a(DEV_Config.c.obj)
                              ../../include/LCD_st7735/libLCD_st7735.a(LCD_st7735.c.obj) (DEV_Digital_Write)
/usr/lib/gcc/arm-none-eabi/9.2.1/../../../arm-none-eabi/lib/thumb/v6-m/nofp/libstdc++.a(guard.o)
                              CMakeFiles/parent_headsup_int8.dir/main_functions.cpp.obj (__cxa_guard_acquire)
/usr/lib/gcc/arm-none-eabi/9.2.1/../../../arm-none-eabi/lib/thumb/v6-m/nofp/libstdc++.a(guard_error.o)
                              /usr/lib/gcc/arm-none-eabi/9.2.1/../../../arm-none-eabi/lib/thumb/v6-m/nofp/libstdc++.a(guard.o) (__gnu_cxx::recursive_init_error::~recursive_init_error())
/usr/lib/gcc/arm-none-eabi/9.2.1/../../../arm-none-eabi/lib/thumb/v6-m/nofp/libstdc++.a(si_class_type_info.o)
                              /usr/lib/gcc/arm-none-eabi/9.2.1/../../../arm-none-eabi/lib/thumb/v6-m/nofp/libstdc++.a(guard_error.o) (vtable for __cxxabiv1::__si_class_type_info)
/usr/lib/gcc/arm-none-eabi/9.2.1/../../../arm-none-eabi/lib/thumb/v6-m/nofp/libstdc++.a(tinfo.o)
                              /usr/lib/gcc/arm-none-eabi/9.2.1/../../../arm-none-eabi/lib/thumb/v6-m/nofp/libstdc++.a(si_class_type_info.o) (std::type_info::__is_pointer_p() const)
/usr/lib/gcc/arm-none-eabi/9.2.1/../../../arm-none-eabi/lib/thumb/v6-m/nofp/libstdc++.a(class_type_info.o)
                              /usr/lib/gcc/arm-none-eabi/9.2.1/../../../arm-none-eabi/lib/thumb/v6-m/nofp/libstdc++.a(si_class_type_info.o) (__cxxabiv1::__class_type_info::__do_upcast(__cxxabiv1::__class_type_info const*, void**) const)
/usr/lib/gcc/arm-none-eabi/9.2.1/../../../arm-none-eabi/lib/thumb/v6-m/nofp/libstdc++.a(del_ops.o)
                              /usr/lib/gcc/arm-none-eabi/9.2.1/../../../arm-none-eabi/lib/thumb/v6-m/nofp/libstdc++.a(guard_error.o) (operator delete(void*, unsigned int))
/usr/lib/gcc/arm-none-eabi/9.2.1/../../../arm-none-eabi/lib/thumb/v6-m/nofp/libstdc++.a(eh_alloc.o)
                              /usr/lib/gcc/arm-none-eabi/9.2.1/../../../arm-none-eabi/lib/thumb/v6-m/nofp/libstdc++.a(guard.o) (__cxa_allocate_exception)
/usr/lib/gcc/arm-none-eabi/9.2.1/../../../arm-none-eabi/lib/thumb/v6-m/nofp/libstdc++.a(eh_exception.o)
                              /usr/lib/gcc/arm-none-eabi/9.2.1/../../../arm-none-eabi/lib/thumb/v6-m/nofp/libstdc++.a(guard_error.o) (std::exception::~exception())
/usr/lib/gcc/arm-none-eabi/9.2.1/../../../arm-none-eabi/lib/thumb/v6-m/nofp/libstdc++.a(eh_terminate.o)
                              /usr/lib/gcc/arm-none-eabi/9.2.1/../../../arm-none-eabi/lib/thumb/v6-m/nofp/libstdc++.a(eh_alloc.o) (std::terminate())
/usr/lib/gcc/arm-none-eabi/9.2.1/../../../arm-none-eabi/lib/thumb/v6-m/nofp/libstdc++.a(eh_throw.o)
                              /usr/lib/gcc/arm-none-eabi/9.2.1/../../../arm-none-eabi/lib/thumb/v6-m/nofp/libstdc++.a(guard.o) (__cxa_throw)
/usr/lib/gcc/arm-none-eabi/9.2.1/../../../arm-none-eabi/lib/thumb/v6-m/nofp/libstdc++.a(eh_unex_handler.o)
                              /usr/lib/gcc/arm-none-eabi/9.2.1/../../../arm-none-eabi/lib/thumb/v6-m/nofp/libstdc++.a(eh_terminate.o) (__cxxabiv1::__unexpected_handler)
/usr/lib/gcc/arm-none-eabi/9.2.1/../../../arm-none-eabi/lib/thumb/v6-m/nofp/libstdc++.a(pure.o)
                              /usr/lib/gcc/arm-none-eabi/9.2.1/../../../arm-none-eabi/lib/thumb/v6-m/nofp/libstdc++.a(eh_exception.o) (__cxa_pure_virtual)
/usr/lib/gcc/arm-none-eabi/9.2.1/../../../arm-none-eabi/lib/thumb/v6-m/nofp/libstdc++.a(eh_arm.o)
                              /usr/lib/gcc/arm-none-eabi/9.2.1/../../../arm-none-eabi/lib/thumb/v6-m/nofp/libstdc++.a(eh_terminate.o) (__cxa_end_cleanup)
/usr/lib/gcc/arm-none-eabi/9.2.1/../../../arm-none-eabi/lib/thumb/v6-m/nofp/libstdc++.a(eh_call.o)
                              /usr/lib/gcc/arm-none-eabi/9.2.1/../../../arm-none-eabi/lib/thumb/v6-m/nofp/libstdc++.a(eh_terminate.o) (__cxa_call_unexpected)
/usr/lib/gcc/arm-none-eabi/9.2.1/../../../arm-none-eabi/lib/thumb/v6-m/nofp/libstdc++.a(eh_catch.o)
                              /usr/lib/gcc/arm-none-eabi/9.2.1/../../../arm-none-eabi/lib/thumb/v6-m/nofp/libstdc++.a(eh_terminate.o) (__cxa_begin_catch)
/usr/lib/gcc/arm-none-eabi/9.2.1/../../../arm-none-eabi/lib/thumb/v6-m/nofp/libstdc++.a(eh_globals.o)
                              /usr/lib/gcc/arm-none-eabi/9.2.1/../../../arm-none-eabi/lib/thumb/v6-m/nofp/libstdc++.a(eh_call.o) (__cxa_get_globals_fast)
/usr/lib/gcc/arm-none-eabi/9.2.1/../../../arm-none-eabi/lib/thumb/v6-m/nofp/libstdc++.a(eh_personality.o)
[...]
Memory Configuration

Name             Origin             Length             Attributes
FLASH            0x0000000010000000 0x0000000000200000 xr
RAM              0x0000000020000000 0x0000000000040000 xrw
SCRATCH_X        0x0000000020040000 0x0000000000001000 xrw
SCRATCH_Y        0x0000000020041000 0x0000000000001000 xrw
*default*        0x0000000000000000 0xffffffffffffffff

Linker script and memory map

LOAD /usr/lib/gcc/arm-none-eabi/9.2.1/thumb/v6-m/nofp/crti.o
LOAD /usr/lib/gcc/arm-none-eabi/9.2.1/thumb/v6-m/nofp/crtbegin.o
LOAD /usr/lib/gcc/arm-none-eabi/9.2.1/../../../arm-none-eabi/lib/thumb/v6-m/nofp/crt0.o

.flash_begin    0x0000000010000000        0x0
                0x0000000010000000                __flash_binary_start = .

.boot2          0x0000000010000000      0x100
                0x0000000010000000                __boot2_start__ = .
 *(.boot2)
 .boot2         0x0000000010000000      0x100 /tmp/ccVujPb7.o
                0x0000000010000100                __boot2_end__ = .
                0x0000000000000001                ASSERT (((__boot2_end__ - __boot2_start__) == 0x100), ERROR: Pico second stage bootloader must be 256 bytes in size)

.text           0x0000000010000100    0x171b0
                0x0000000010000100                __logical_binary_start = .
 *(.vectors)
 .vectors       0x0000000010000100       0xd4 CMakeFiles/parent_headsup_int8.dir/mnt/c/SideProject/RPI/pico/pico-sdk/src/rp2_common/pico_standard_link/crt0.S.obj
                0x0000000010000100                __vectors
                0x0000000010000100                __VECTOR_TABLE
                0x00000000100001c0                isr_invalid
                0x00000000100001c0                __default_isrs_start
                0x00000000100001c2                isr_nmi
                0x00000000100001c4                isr_hardfault
                0x00000000100001c6                isr_svcall
                0x00000000100001c8                isr_pendsv
                0x00000000100001ca                isr_systick
                0x00000000100001cc                isr_irq30
                0x00000000100001cc                __unhandled_user_irq
                0x00000000100001cc                isr_irq13
                0x00000000100001cc                isr_irq27
                0x00000000100001cc                isr_irq31
                0x00000000100001cc                isr_irq5
                0x00000000100001cc                isr_irq11
                0x00000000100001cc                isr_irq23
                0x00000000100001cc                isr_irq18
                0x00000000100001cc                isr_irq28
                0x00000000100001cc                isr_irq19
                0x00000000100001cc                isr_irq0
                0x00000000100001cc                isr_irq6
                0x00000000100001cc                isr_irq22
                0x00000000100001cc                isr_irq17
                0x00000000100001cc                isr_irq14
                0x00000000100001cc                isr_irq2
                0x00000000100001cc                isr_irq10
                0x00000000100001cc                isr_irq8
                0x00000000100001cc                isr_irq24
                0x00000000100001cc                isr_irq1
                0x00000000100001cc                isr_irq7
                0x00000000100001cc                isr_irq21
                0x00000000100001cc                isr_irq20
                0x00000000100001cc                isr_irq15
                0x00000000100001cc                isr_irq25
                0x00000000100001cc                isr_irq4
                0x00000000100001cc                isr_irq16
                0x00000000100001cc                isr_irq29
                0x00000000100001cc                isr_irq26
                0x00000000100001cc                __default_isrs_end
                0x00000000100001cc                isr_irq3
                0x00000000100001cc                isr_irq12
                0x00000000100001cc                isr_irq9
                0x00000000100001d2                unhandled_user_irq_num_in_r0
 *(.binary_info_header)
 .binary_info_header
                0x00000000100001d4       0x14 CMakeFiles/parent_headsup_int8.dir/mnt/c/SideProject/RPI/pico/pico-sdk/src/rp2_common/pico_standard_link/crt0.S.obj
                0x00000000100001e8                __binary_info_header_end = .
 *(.reset)
 .reset         0x00000000100001e8       0xa8 CMakeFiles/parent_headsup_int8.dir/mnt/c/SideProject/RPI/pico/pico-sdk/src/rp2_common/pico_standard_link/crt0.S.obj
                0x00000000100001e8                _entry_point
                0x0000000010000266                __get_current_exception
 .reset         0x0000000010000290       0x30 CMakeFiles/parent_headsup_int8.dir/mnt/c/SideProject/RPI/pico/pico-sdk/src/rp2_common/pico_standard_link/binary_info.c.obj
 *(.init)
 .init          0x00000000100002c0        0x4 /usr/lib/gcc/arm-none-eabi/9.2.1/thumb/v6-m/nofp/crti.o
                0x00000000100002c0                _init
 *(EXCLUDE_FILE(*libm.a: *libc.a:*lib_a-mem*.o *libgcc.a:) .text*)
 .text          0x00000000100002c4       0x98 /usr/lib/gcc/arm-none-eabi/9.2.1/thumb/v6-m/nofp/crtbegin.o
 .text._Z18RespondToDetectionPN6tflite13ErrorReporterEaa
                0x000000001000035c       0x44 CMakeFiles/parent_headsup_int8.dir/detection_responder.cpp.obj
                0x000000001000035c                RespondToDetection(tflite::ErrorReporter*, signed char, signed char)
 .text._Z10ScreenInitPN6tflite13ErrorReporterE
                0x00000000100003a0       0x98 CMakeFiles/parent_headsup_int8.dir/image_provider.cpp.obj
                0x00000000100003a0                ScreenInit(tflite::ErrorReporter*)
 .text._Z8GetImagePN6tflite13ErrorReporterEiiiPa
                0x0000000010000438      0x19c CMakeFiles/parent_headsup_int8.dir/image_provider.cpp.obj
                0x0000000010000438                GetImage(tflite::ErrorReporter*, int, int, int, signed char*)
 .text.startup.main
                0x00000000100005d4       0x10 CMakeFiles/parent_headsup_int8.dir/main.cpp.obj
                0x00000000100005d4                main
 .text._ZNK6tflite10OpResolver12GetDelegatesEi
                0x00000000100005e4        0xc CMakeFiles/parent_headsup_int8.dir/main_functions.cpp.obj
                0x00000000100005e4                tflite::OpResolver::GetDelegates(int) const
 .text._Z10on_uart_rxv
                0x00000000100005f0       0x50 CMakeFiles/parent_headsup_int8.dir/main_functions.cpp.obj
                0x00000000100005f0                on_uart_rx()
 .text.__tcf_0  0x0000000010000640        0x4 CMakeFiles/parent_headsup_int8.dir/main_functions.cpp.obj
 .text._ZNK6tflite22MicroMutableOpResolverILj5EE6FindOpENS_15BuiltinOperatorE
                0x0000000010000644       0x60 CMakeFiles/parent_headsup_int8.dir/main_functions.cpp.obj
                0x0000000010000644                tflite::MicroMutableOpResolver<5u>::FindOp(tflite::BuiltinOperator) const
 .text._ZN6tflite22MicroMutableOpResolverILj5EED0Ev
                0x00000000100006a4        0x4 CMakeFiles/parent_headsup_int8.dir/main_functions.cpp.obj
                0x00000000100006a4                tflite::MicroMutableOpResolver<5u>::~MicroMutableOpResolver()
                0x00000000100006a4                tflite::MicroMutableOpResolver<5u>::~MicroMutableOpResolver()
                0x00000000100006a4                tflite::MicroMutableOpResolver<5u>::~MicroMutableOpResolver()
 .text._ZNK6tflite22MicroMutableOpResolverILj5EE15GetOpDataParserENS_15BuiltinOperatorE
                0x00000000100006a8       0x64 CMakeFiles/parent_headsup_int8.dir/main_functions.cpp.obj
                0x00000000100006a8                tflite::MicroMutableOpResolver<5u>::GetOpDataParser(tflite::BuiltinOperator) const
 .text.__tcf_2  0x000000001000070c       0x10 CMakeFiles/parent_headsup_int8.dir/main_functions.cpp.obj
 .text._ZNK6tflite22MicroMutableOpResolverILj5EE6FindOpEPKc
                0x000000001000071c       0xa0 CMakeFiles/parent_headsup_int8.dir/main_functions.cpp.obj
                0x000000001000071c                tflite::MicroMutableOpResolver<5u>::FindOp(char const*) const
 .text.__tcf_1  0x00000000100007bc        0x4 CMakeFiles/parent_headsup_int8.dir/main_functions.cpp.obj
 .text._ZNK6tflite15MicroOpResolver6FindOpENS_15BuiltinOperatorEi
                0x00000000100007c0       0x78 CMakeFiles/parent_headsup_int8.dir/main_functions.cpp.obj
                0x00000000100007c0                tflite::MicroOpResolver::FindOp(tflite::BuiltinOperator, int) const
 .text._ZNK6tflite15MicroOpResolver6FindOpEPKci
                0x0000000010000838       0xb4 CMakeFiles/parent_headsup_int8.dir/main_functions.cpp.obj
                0x0000000010000838                tflite::MicroOpResolver::FindOp(char const*, int) const
 .text.setup    0x00000000100008ec      0x684 CMakeFiles/parent_headsup_int8.dir/main_functions.cpp.obj
                0x00000000100008ec                setup
 .text.loop     0x0000000010000f70       0xf4 CMakeFiles/parent_headsup_int8.dir/main_functions.cpp.obj
                0x0000000010000f70                loop
 .text.TfLiteIntArrayGetSizeInBytes
                0x0000000010001064        0x8 CMakeFiles/parent_headsup_int8.dir/__/__/src/tensorflow/lite/c/common.c.obj
                0x0000000010001064                TfLiteIntArrayGetSizeInBytes
 .text.TfLiteTypeGetName
                0x000000001000106c       0x18 CMakeFiles/parent_headsup_int8.dir/__/__/src/tensorflow/lite/c/common.c.obj
                0x000000001000106c                TfLiteTypeGetName
 .text._ZN6tflite13ErrorReporter6ReportEPKcz
                0x0000000010001084       0x1c CMakeFiles/parent_headsup_int8.dir/__/__/src/tensorflow/lite/core/api/error_reporter.cpp.obj
                0x0000000010001084                tflite::ErrorReporter::Report(char const*, ...)
 .text._ZN6tflite13ErrorReporter11ReportErrorEPvPKcz
                0x00000000100010a0       0x1c CMakeFiles/parent_headsup_int8.dir/__/__/src/tensorflow/lite/core/api/error_reporter.cpp.obj
                0x00000000100010a0                tflite::ErrorReporter::ReportError(void*, char const*, ...)
 .text._ZN6tflite17ConvertTensorTypeENS_10TensorTypeEP10TfLiteTypePNS_13ErrorReporterE
                0x00000000100010bc       0x90 CMakeFiles/parent_headsup_int8.dir/__/__/src/tensorflow/lite/core/api/flatbuffer_conversions.cpp.obj
                0x00000000100010bc                tflite::ConvertTensorType(tflite::TensorType, TfLiteType*, tflite::ErrorReporter*)
 .text._ZN6tflite11ParseConv2DEPKNS_8OperatorEPNS_13ErrorReporterEPNS_20BuiltinDataAllocatorEPPv
                0x000000001000114c       0xfc CMakeFiles/parent_headsup_int8.dir/__/__/src/tensorflow/lite/core/api/flatbuffer_conversions.cpp.obj
                0x000000001000114c                tflite::ParseConv2D(tflite::Operator const*, tflite::ErrorReporter*, tflite::BuiltinDataAllocator*, void**)
 .text._ZN6tflite20ParseDepthwiseConv2DEPKNS_8OperatorEPNS_13ErrorReporterEPNS_20BuiltinDataAllocatorEPPv
                0x0000000010001248      0x118 CMakeFiles/parent_headsup_int8.dir/__/__/src/tensorflow/lite/core/api/flatbuffer_conversions.cpp.obj
                0x0000000010001248                tflite::ParseDepthwiseConv2D(tflite::Operator const*, tflite::ErrorReporter*, tflite::BuiltinDataAllocator*, void**)
 .text._ZN6tflite9ParsePoolEPKNS_8OperatorEPNS_13ErrorReporterEPNS_20BuiltinDataAllocatorEPPv
                0x0000000010001360       0xec CMakeFiles/parent_headsup_int8.dir/__/__/src/tensorflow/lite/core/api/flatbuffer_conversions.cpp.obj
                0x0000000010001360                tflite::ParsePool(tflite::Operator const*, tflite::ErrorReporter*, tflite::BuiltinDataAllocator*, void**)
 .text._ZN6tflite12ParseReshapeEPKNS_8OperatorEPNS_13ErrorReporterEPNS_20BuiltinDataAllocatorEPPv
                0x000000001000144c       0xd8 CMakeFiles/parent_headsup_int8.dir/__/__/src/tensorflow/lite/core/api/flatbuffer_conversions.cpp.obj
                0x000000001000144c                tflite::ParseReshape(tflite::Operator const*, tflite::ErrorReporter*, tflite::BuiltinDataAllocator*, void**)
 .text._ZN6tflite12ParseSoftmaxEPKNS_8OperatorEPNS_13ErrorReporterEPNS_20BuiltinDataAllocatorEPPv
                0x0000000010001524       0x5c CMakeFiles/parent_headsup_int8.dir/__/__/src/tensorflow/lite/core/api/flatbuffer_conversions.cpp.obj
                0x0000000010001524                tflite::ParseSoftmax(tflite::Operator const*, tflite::ErrorReporter*, tflite::BuiltinDataAllocator*, void**)
 .text._ZN6tflite25GetRegistrationFromOpCodeEPKNS_12OperatorCodeERKNS_10OpResolverEPNS_13ErrorReporterEPPK18TfLiteRegistration
                0x0000000010001580       0xc4 CMakeFiles/parent_headsup_int8.dir/__/__/src/tensorflow/lite/core/api/op_resolver.cpp.obj
                0x0000000010001580                tflite::GetRegistrationFromOpCode(tflite::OperatorCode const*, tflite::OpResolver const&, tflite::ErrorReporter*, TfLiteRegistration const**)
 .text._ZN6tflite18QuantizeMultiplierEdPlPi
                0x0000000010001644       0x78 CMakeFiles/parent_headsup_int8.dir/__/__/src/tensorflow/lite/kernels/internal/quantization_util.cpp.obj
                0x0000000010001644                tflite::QuantizeMultiplier(double, long*, int*)
 .text._ZN6tflite24PreprocessSoftmaxScalingEddiPlPi
                0x00000000100016bc       0xf8 CMakeFiles/parent_headsup_int8.dir/__/__/src/tensorflow/lite/kernels/internal/quantization_util.cpp.obj
                0x00000000100016bc                tflite::PreprocessSoftmaxScaling(double, double, int, long*, int*)
 .text._ZN6tflite20CalculateInputRadiusEiii
                0x00000000100017b4       0x90 CMakeFiles/parent_headsup_int8.dir/__/__/src/tensorflow/lite/kernels/internal/quantization_util.cpp.obj
                0x00000000100017b4                tflite::CalculateInputRadius(int, int, int)
 .text._ZN6tflite8GetInputEPK13TfLiteContextPK10TfLiteNodei
                0x0000000010001844       0x2c CMakeFiles/parent_headsup_int8.dir/__/__/src/tensorflow/lite/kernels/kernel_util.cpp.obj
                0x0000000010001844                tflite::GetInput(TfLiteContext const*, TfLiteNode const*, int)
 .text._ZN6tflite9GetOutputEP13TfLiteContextPK10TfLiteNodei
                0x0000000010001870       0x2c CMakeFiles/parent_headsup_int8.dir/__/__/src/tensorflow/lite/kernels/kernel_util.cpp.obj
                0x0000000010001870                tflite::GetOutput(TfLiteContext*, TfLiteNode const*, int)
 .text._ZN6tflite22GetOptionalInputTensorEPK13TfLiteContextPK10TfLiteNodei
                0x000000001000189c       0x2c CMakeFiles/parent_headsup_int8.dir/__/__/src/tensorflow/lite/kernels/kernel_util.cpp.obj
                0x000000001000189c                tflite::GetOptionalInputTensor(TfLiteContext const*, TfLiteNode const*, int)
 .text._ZN6tflite33CalculateActivationRangeQuantizedEP13TfLiteContext21TfLiteFusedActivationP12TfLiteTensorPlS5_
                0x00000000100018c8      0x10c CMakeFiles/parent_headsup_int8.dir/__/__/src/tensorflow/lite/kernels/kernel_util.cpp.obj
                0x00000000100018c8                tflite::CalculateActivationRangeQuantized(TfLiteContext*, TfLiteFusedActivation, TfLiteTensor*, long*, long*)
 .text._ZN6tflite37PopulateConvolutionQuantizationParamsEP13TfLiteContextPK12TfLiteTensorS4_S4_PS2_RK21TfLiteFusedActivationPlPiS9_S9_S9_SA_i
                0x00000000100019d4      0x364 CMakeFiles/parent_headsup_int8.dir/__/__/src/tensorflow/lite/kernels/kernel_util.cpp.obj
                0x00000000100019d4                tflite::PopulateConvolutionQuantizationParams(TfLiteContext*, TfLiteTensor const*, TfLiteTensor const*, TfLiteTensor const*, TfLiteTensor*, TfLiteFusedActivation const&, long*, int*, long*, long*, long*, int*, int)
 .text._ZN6tflite12_GLOBAL__N_14InitEP13TfLiteContextPKcj
                0x0000000010001d38        0xc CMakeFiles/parent_headsup_int8.dir/__/__/src/tensorflow/lite/micro/kernels/cmsis-nn/conv.cpp.obj
 .text._ZN6tflite12_GLOBAL__N_123EvalQuantizedPerChannelEP13TfLiteContextP10TfLiteNodeP16TfLiteConvParamsRKNS0_6OpDataEPK16TfLiteEvalTensorSC_SC_PSA_SD_.isra.0
                0x0000000010001d44      0x644 CMakeFiles/parent_headsup_int8.dir/__/__/src/tensorflow/lite/micro/kernels/cmsis-nn/conv.cpp.obj
 .text._ZN6tflite12_GLOBAL__N_14EvalEP13TfLiteContextP10TfLiteNode
                0x0000000010002388      0x954 CMakeFiles/parent_headsup_int8.dir/__/__/src/tensorflow/lite/micro/kernels/cmsis-nn/conv.cpp.obj
 .text._ZN6tflite12_GLOBAL__N_17PrepareEP13TfLiteContextP10TfLiteNode
                0x0000000010002cdc      0x324 CMakeFiles/parent_headsup_int8.dir/__/__/src/tensorflow/lite/micro/kernels/cmsis-nn/conv.cpp.obj
 .text._ZN6tflite16Register_CONV_2DEv
                0x0000000010003000       0x18 CMakeFiles/parent_headsup_int8.dir/__/__/src/tensorflow/lite/micro/kernels/cmsis-nn/conv.cpp.obj
                0x0000000010003000                tflite::Register_CONV_2D()
 .text._ZN6tflite12_GLOBAL__N_14InitEP13TfLiteContextPKcj
                0x0000000010003018        0xc CMakeFiles/parent_headsup_int8.dir/__/__/src/tensorflow/lite/micro/kernels/cmsis-nn/depthwise_conv.cpp.obj
 .text._ZN6tflite12_GLOBAL__N_123EvalQuantizedPerChannelEP13TfLiteContextP10TfLiteNodeP25TfLiteDepthwiseConvParamsPNS0_6OpDataEPK16TfLiteEvalTensorSB_SB_PS9_.isra.0
                0x0000000010003024      0x5e4 CMakeFiles/parent_headsup_int8.dir/__/__/src/tensorflow/lite/micro/kernels/cmsis-nn/depthwise_conv.cpp.obj
 .text._ZN6tflite12_GLOBAL__N_113EvalQuantizedEP13TfLiteContextP10TfLiteNodeP25TfLiteDepthwiseConvParamsPKNS0_6OpDataEPK16TfLiteEvalTensorSC_SC_PSA_.isra.0
                0x0000000010003608      0x574 CMakeFiles/parent_headsup_int8.dir/__/__/src/tensorflow/lite/micro/kernels/cmsis-nn/depthwise_conv.cpp.obj
 .text._ZN6tflite12_GLOBAL__N_14EvalEP13TfLiteContextP10TfLiteNode
                0x0000000010003b7c      0x4f4 CMakeFiles/parent_headsup_int8.dir/__/__/src/tensorflow/lite/micro/kernels/cmsis-nn/depthwise_conv.cpp.obj
 .text._ZN6tflite12_GLOBAL__N_17PrepareEP13TfLiteContextP10TfLiteNode
                0x0000000010004070      0x39c CMakeFiles/parent_headsup_int8.dir/__/__/src/tensorflow/lite/micro/kernels/cmsis-nn/depthwise_conv.cpp.obj
 .text._ZN6tflite26Register_DEPTHWISE_CONV_2DEv
                0x000000001000440c       0x18 CMakeFiles/parent_headsup_int8.dir/__/__/src/tensorflow/lite/micro/kernels/cmsis-nn/depthwise_conv.cpp.obj
                0x000000001000440c                tflite::Register_DEPTHWISE_CONV_2D()
 .text._ZN6tflite3ops5micro7pooling4InitEP13TfLiteContextPKcj
                0x0000000010004424        0xc CMakeFiles/parent_headsup_int8.dir/__/__/src/tensorflow/lite/micro/kernels/cmsis-nn/pooling.cpp.obj
                0x0000000010004424                tflite::ops::micro::pooling::Init(TfLiteContext*, char const*, unsigned int)
 .text._ZN6tflite3ops5micro7pooling12_GLOBAL__N_120AverageEvalQuantizedEP13TfLiteContextPK10TfLiteNodePK16TfLitePoolParamsRKNS3_6OpDataEPK16TfLiteEvalTensorPSF_.isra.0
                0x0000000010004430      0x378 CMakeFiles/parent_headsup_int8.dir/__/__/src/tensorflow/lite/micro/kernels/cmsis-nn/pooling.cpp.obj
 .text._ZN6tflite3ops5micro7pooling7MaxEvalEP13TfLiteContextP10TfLiteNode
                0x00000000100047a8      0x704 CMakeFiles/parent_headsup_int8.dir/__/__/src/tensorflow/lite/micro/kernels/cmsis-nn/pooling.cpp.obj
                0x00000000100047a8                tflite::ops::micro::pooling::MaxEval(TfLiteContext*, TfLiteNode*)
 .text._ZN6tflite3ops5micro7pooling11AverageEvalEP13TfLiteContextP10TfLiteNode
                0x0000000010004eac      0x3c0 CMakeFiles/parent_headsup_int8.dir/__/__/src/tensorflow/lite/micro/kernels/cmsis-nn/pooling.cpp.obj
                0x0000000010004eac                tflite::ops::micro::pooling::AverageEval(TfLiteContext*, TfLiteNode*)
 .text._ZN6tflite3ops5micro7pooling14AveragePrepareEP13TfLiteContextP10TfLiteNode
                0x000000001000526c      0x17c CMakeFiles/parent_headsup_int8.dir/__/__/src/tensorflow/lite/micro/kernels/cmsis-nn/pooling.cpp.obj
                0x000000001000526c                tflite::ops::micro::pooling::AveragePrepare(TfLiteContext*, TfLiteNode*)
 .text._ZN6tflite3ops5micro7pooling10MaxPrepareEP13TfLiteContextP10TfLiteNode
                0x00000000100053e8      0x108 CMakeFiles/parent_headsup_int8.dir/__/__/src/tensorflow/lite/micro/kernels/cmsis-nn/pooling.cpp.obj
                0x00000000100053e8                tflite::ops::micro::pooling::MaxPrepare(TfLiteContext*, TfLiteNode*)
 .text._ZN6tflite3ops5micro24Register_AVERAGE_POOL_2DEv
                0x00000000100054f0       0x18 CMakeFiles/parent_headsup_int8.dir/__/__/src/tensorflow/lite/micro/kernels/cmsis-nn/pooling.cpp.obj
                0x00000000100054f0                tflite::ops::micro::Register_AVERAGE_POOL_2D()
 .text._ZN6tflite12_GLOBAL__N_111SoftmaxInitEP13TfLiteContextPKcj
                0x0000000010005508        0xc CMakeFiles/parent_headsup_int8.dir/__/__/src/tensorflow/lite/micro/kernels/cmsis-nn/softmax.cpp.obj
 .text._ZN6tflite12_GLOBAL__N_114SoftmaxPrepareEP13TfLiteContextP10TfLiteNode
                0x0000000010005514      0x750 CMakeFiles/parent_headsup_int8.dir/__/__/src/tensorflow/lite/micro/kernels/cmsis-nn/softmax.cpp.obj
 .text._ZN6tflite16Register_SOFTMAXEv
                0x0000000010005c64       0x18 CMakeFiles/parent_headsup_int8.dir/__/__/src/tensorflow/lite/micro/kernels/cmsis-nn/softmax.cpp.obj
                0x0000000010005c64                tflite::Register_SOFTMAX()
 .text._ZN8gemmlowp32one_over_one_plus_x_for_x_in_0_1IlEENS_10FixedPointIT_Li0EEES3_
                0x0000000010005c7c      0x380 CMakeFiles/parent_headsup_int8.dir/__/__/src/tensorflow/lite/micro/kernels/cmsis-nn/softmax.cpp.obj
                0x0000000010005c7c                gemmlowp::FixedPoint<long, 0> gemmlowp::one_over_one_plus_x_for_x_in_0_1<long>(gemmlowp::FixedPoint<long, 0>)
 .text._ZN8gemmlowp55exp_on_interval_between_negative_one_quarter_and_0_exclIlEENS_10FixedPointIT_Li0EEES3_
                0x0000000010005ffc      0x164 CMakeFiles/parent_headsup_int8.dir/__/__/src/tensorflow/lite/micro/kernels/cmsis-nn/softmax.cpp.obj
                0x0000000010005ffc                gemmlowp::FixedPoint<long, 0> gemmlowp::exp_on_interval_between_negative_one_quarter_and_0_excl<long>(gemmlowp::FixedPoint<long, 0>)
 .text._ZN8gemmlowp22exp_on_negative_valuesIlLi5EEENS_10FixedPointIT_Li0EEENS1_IS2_XT0_EEE
                0x0000000010006160      0x290 CMakeFiles/parent_headsup_int8.dir/__/__/src/tensorflow/lite/micro/kernels/cmsis-nn/softmax.cpp.obj
                0x0000000010006160                gemmlowp::FixedPoint<long, 0> gemmlowp::exp_on_negative_values<long, 5>(gemmlowp::FixedPoint<long, 5>)
 .text._ZN6tflite12_GLOBAL__N_111SoftmaxEvalEP13TfLiteContextP10TfLiteNode
                0x00000000100063f0      0xf90 CMakeFiles/parent_headsup_int8.dir/__/__/src/tensorflow/lite/micro/kernels/cmsis-nn/softmax.cpp.obj
 .text._ZN6tflite5micro14GetTensorShapeEPK16TfLiteEvalTensor
                0x0000000010007380       0x2c CMakeFiles/parent_headsup_int8.dir/__/__/src/tensorflow/lite/micro/kernels/kernel_util.cpp.obj
                0x0000000010007380                tflite::micro::GetTensorShape(TfLiteEvalTensor const*)
 .text._ZN6tflite3ops5micro7reshape4EvalEP13TfLiteContextP10TfLiteNode
                0x00000000100073ac       0x68 CMakeFiles/parent_headsup_int8.dir/__/__/src/tensorflow/lite/micro/kernels/reshape.cpp.obj
                0x00000000100073ac                tflite::ops::micro::reshape::Eval(TfLiteContext*, TfLiteNode*)
 .text._ZN6tflite3ops5micro7reshape13ReshapeOutputEP13TfLiteContextP10TfLiteNode
                0x0000000010007414      0x190 CMakeFiles/parent_headsup_int8.dir/__/__/src/tensorflow/lite/micro/kernels/reshape.cpp.obj
                0x0000000010007414                tflite::ops::micro::reshape::ReshapeOutput(TfLiteContext*, TfLiteNode*)
 .text._ZN6tflite3ops5micro7reshape7PrepareEP13TfLiteContextP10TfLiteNode
                0x00000000100075a4       0x98 CMakeFiles/parent_headsup_int8.dir/__/__/src/tensorflow/lite/micro/kernels/reshape.cpp.obj
                0x00000000100075a4                tflite::ops::micro::reshape::Prepare(TfLiteContext*, TfLiteNode*)
 .text._ZN6tflite3ops5micro16Register_RESHAPEEv
                0x000000001000763c       0x18 CMakeFiles/parent_headsup_int8.dir/__/__/src/tensorflow/lite/micro/kernels/reshape.cpp.obj
                0x000000001000763c                tflite::ops::micro::Register_RESHAPE()
 .text._ZN6tflite14AlignPointerUpEPhj
                0x0000000010007654       0x10 CMakeFiles/parent_headsup_int8.dir/__/__/src/tensorflow/lite/micro/memory_helpers.cpp.obj
                0x0000000010007654                tflite::AlignPointerUp(unsigned char*, unsigned int)
 .text._ZN6tflite16AlignPointerDownEPhj
                0x0000000010007664        0xc CMakeFiles/parent_headsup_int8.dir/__/__/src/tensorflow/lite/micro/memory_helpers.cpp.obj
                0x0000000010007664                tflite::AlignPointerDown(unsigned char*, unsigned int)
 .text._ZN6tflite11AlignSizeUpEjj
                0x0000000010007670       0x10 CMakeFiles/parent_headsup_int8.dir/__/__/src/tensorflow/lite/micro/memory_helpers.cpp.obj
                0x0000000010007670                tflite::AlignSizeUp(unsigned int, unsigned int)
 .text._ZN6tflite16TfLiteTypeSizeOfE10TfLiteTypePj
                0x0000000010007680       0x3c CMakeFiles/parent_headsup_int8.dir/__/__/src/tensorflow/lite/micro/memory_helpers.cpp.obj
                0x0000000010007680                tflite::TfLiteTypeSizeOf(TfLiteType, unsigned int*)
 .text._ZN6tflite22BytesRequiredForTensorERKNS_6TensorEPjS3_PNS_13ErrorReporterE
                0x00000000100076bc       0xc0 CMakeFiles/parent_headsup_int8.dir/__/__/src/tensorflow/lite/micro/memory_helpers.cpp.obj
                0x00000000100076bc                tflite::BytesRequiredForTensor(tflite::Tensor const&, unsigned int*, unsigned int*, tflite::ErrorReporter*)
 .text._ZN6tflite26TfLiteEvalTensorByteLengthEPK16TfLiteEvalTensorPj
                0x000000001000777c       0x58 CMakeFiles/parent_headsup_int8.dir/__/__/src/tensorflow/lite/micro/memory_helpers.cpp.obj
                0x000000001000777c                tflite::TfLiteEvalTensorByteLength(TfLiteEvalTensor const*, unsigned int*)
 .text._ZN6tflite19GreedyMemoryPlannerD0Ev
                0x00000000100077d4        0x4 CMakeFiles/parent_headsup_int8.dir/__/__/src/tensorflow/lite/micro/memory_planner/greedy_memory_planner.cpp.obj
                0x00000000100077d4                tflite::GreedyMemoryPlanner::~GreedyMemoryPlanner()
                0x00000000100077d4                tflite::GreedyMemoryPlanner::~GreedyMemoryPlanner()
                0x00000000100077d4                tflite::GreedyMemoryPlanner::~GreedyMemoryPlanner()
 .text._ZN6tflite19GreedyMemoryPlanner14GetBufferCountEv
                0x00000000100077d8        0x4 CMakeFiles/parent_headsup_int8.dir/__/__/src/tensorflow/lite/micro/memory_planner/greedy_memory_planner.cpp.obj
                0x00000000100077d8                tflite::GreedyMemoryPlanner::GetBufferCount()
 .text._ZN6tflite19GreedyMemoryPlanner9AddBufferEPNS_13ErrorReporterEiii
                0x00000000100077dc       0x44 CMakeFiles/parent_headsup_int8.dir/__/__/src/tensorflow/lite/micro/memory_planner/greedy_memory_planner.cpp.obj
                0x00000000100077dc                tflite::GreedyMemoryPlanner::AddBuffer(tflite::ErrorReporter*, int, int, int)
 .text._ZN6tflite19GreedyMemoryPlannerC2EPhi
                0x0000000010007820       0x44 CMakeFiles/parent_headsup_int8.dir/__/__/src/tensorflow/lite/micro/memory_planner/greedy_memory_planner.cpp.obj
                0x0000000010007820                tflite::GreedyMemoryPlanner::GreedyMemoryPlanner(unsigned char*, int)
                0x0000000010007820                tflite::GreedyMemoryPlanner::GreedyMemoryPlanner(unsigned char*, int)
 .text._ZN6tflite19GreedyMemoryPlanner9AddBufferEPNS_13ErrorReporterEiiii
                0x0000000010007864       0x64 CMakeFiles/parent_headsup_int8.dir/__/__/src/tensorflow/lite/micro/memory_planner/greedy_memory_planner.cpp.obj
                0x0000000010007864                tflite::GreedyMemoryPlanner::AddBuffer(tflite::ErrorReporter*, int, int, int, int)
 .text._ZN6tflite19GreedyMemoryPlanner24CalculateOffsetsIfNeededEv
                0x00000000100078c8      0x29c CMakeFiles/parent_headsup_int8.dir/__/__/src/tensorflow/lite/micro/memory_planner/greedy_memory_planner.cpp.obj
                0x00000000100078c8                tflite::GreedyMemoryPlanner::CalculateOffsetsIfNeeded()
 .text._ZN6tflite19GreedyMemoryPlanner20GetMaximumMemorySizeEv
                0x0000000010007b64       0x50 CMakeFiles/parent_headsup_int8.dir/__/__/src/tensorflow/lite/micro/memory_planner/greedy_memory_planner.cpp.obj
                0x0000000010007b64                tflite::GreedyMemoryPlanner::GetMaximumMemorySize()
 .text._ZN6tflite19GreedyMemoryPlanner18GetOffsetForBufferEPNS_13ErrorReporterEiPi
                0x0000000010007bb4       0x38 CMakeFiles/parent_headsup_int8.dir/__/__/src/tensorflow/lite/micro/memory_planner/greedy_memory_planner.cpp.obj
                0x0000000010007bb4                tflite::GreedyMemoryPlanner::GetOffsetForBuffer(tflite::ErrorReporter*, int, int*)
 .text._ZN6tflite12_GLOBAL__N_125MicroBuiltinDataAllocator8AllocateEjj
                0x0000000010007bec        0xc CMakeFiles/parent_headsup_int8.dir/__/__/src/tensorflow/lite/micro/micro_allocator.cpp.obj
 .text._ZN6tflite12_GLOBAL__N_125MicroBuiltinDataAllocator10DeallocateEPv
                0x0000000010007bf8        0x4 CMakeFiles/parent_headsup_int8.dir/__/__/src/tensorflow/lite/micro/micro_allocator.cpp.obj
 .text._ZN6tflite14MicroAllocatorD0Ev
                0x0000000010007bfc        0x4 CMakeFiles/parent_headsup_int8.dir/__/__/src/tensorflow/lite/micro/micro_allocator.cpp.obj
                0x0000000010007bfc                tflite::MicroAllocator::~MicroAllocator()
                0x0000000010007bfc                tflite::MicroAllocator::~MicroAllocator()
                0x0000000010007bfc                tflite::MicroAllocator::~MicroAllocator()
 .text._ZN6tflite14MicroAllocator24AllocatePersistentBufferEj
                0x0000000010007c00       0x10 CMakeFiles/parent_headsup_int8.dir/__/__/src/tensorflow/lite/micro/micro_allocator.cpp.obj
                0x0000000010007c00                tflite::MicroAllocator::AllocatePersistentBuffer(unsigned int)
 .text._ZN6tflite14MicroAllocator20ResetTempAllocationsEv
                0x0000000010007c10        0xc CMakeFiles/parent_headsup_int8.dir/__/__/src/tensorflow/lite/micro/micro_allocator.cpp.obj
                0x0000000010007c10                tflite::MicroAllocator::ResetTempAllocations()
 .text._ZN6tflite14MicroAllocator38AllocatePersistentTfLiteTensorInternalEPKNS_5ModelEP16TfLiteEvalTensori
                0x0000000010007c1c       0x10 CMakeFiles/parent_headsup_int8.dir/__/__/src/tensorflow/lite/micro/micro_allocator.cpp.obj
                0x0000000010007c1c                tflite::MicroAllocator::AllocatePersistentTfLiteTensorInternal(tflite::Model const*, TfLiteEvalTensor*, int)
 .text._ZN6tflite12_GLOBAL__N_125MicroBuiltinDataAllocatorD0Ev
                0x0000000010007c2c        0x4 CMakeFiles/parent_headsup_int8.dir/__/__/src/tensorflow/lite/micro/micro_allocator.cpp.obj
 .text._ZN6tflite14MicroAllocator17AllocateVariablesEPKNS_8SubGraphEP16TfLiteEvalTensor
                0x0000000010007c30       0xb0 CMakeFiles/parent_headsup_int8.dir/__/__/src/tensorflow/lite/micro/micro_allocator.cpp.obj
                0x0000000010007c30                tflite::MicroAllocator::AllocateVariables(tflite::SubGraph const*, TfLiteEvalTensor*)
 .text._ZN6tflite14MicroAllocator28AllocateScratchBufferHandlesEPPNS_19ScratchBufferHandleEj
                0x0000000010007ce0       0x1c CMakeFiles/parent_headsup_int8.dir/__/__/src/tensorflow/lite/micro/micro_allocator.cpp.obj
                0x0000000010007ce0                tflite::MicroAllocator::AllocateScratchBufferHandles(tflite::ScratchBufferHandle**, unsigned int)
 .text._ZN6tflite14MicroAllocator28AllocateNodeAndRegistrationsEPKNS_5ModelEPPNS_19NodeAndRegistrationE
                0x0000000010007cfc       0x84 CMakeFiles/parent_headsup_int8.dir/__/__/src/tensorflow/lite/micro/micro_allocator.cpp.obj
                0x0000000010007cfc                tflite::MicroAllocator::AllocateNodeAndRegistrations(tflite::Model const*, tflite::NodeAndRegistration**)
 .text._ZN6tflite14MicroAllocator25AllocateTfLiteEvalTensorsEPKNS_5ModelEPP16TfLiteEvalTensor
                0x0000000010007d80      0x1d8 CMakeFiles/parent_headsup_int8.dir/__/__/src/tensorflow/lite/micro/micro_allocator.cpp.obj
                0x0000000010007d80                tflite::MicroAllocator::AllocateTfLiteEvalTensors(tflite::Model const*, TfLiteEvalTensor**)
 .text._ZN6tflite14MicroAllocator44PrepareNodeAndRegistrationDataFromFlatbufferEPKNS_5ModelERKNS_15MicroOpResolverEPNS_19NodeAndRegistrationE
                0x0000000010007f58      0x2b0 CMakeFiles/parent_headsup_int8.dir/__/__/src/tensorflow/lite/micro/micro_allocator.cpp.obj
                0x0000000010007f58                tflite::MicroAllocator::PrepareNodeAndRegistrationDataFromFlatbuffer(tflite::Model const*, tflite::MicroOpResolver const&, tflite::NodeAndRegistration*)
 .text._ZN6tflite14MicroAllocator34PopulateTfLiteTensorFromFlatbufferEPKNS_5ModelEPKNS_8SubGraphEP12TfLiteTensorib
                0x0000000010008208      0x2c8 CMakeFiles/parent_headsup_int8.dir/__/__/src/tensorflow/lite/micro/micro_allocator.cpp.obj
                0x0000000010008208                tflite::MicroAllocator::PopulateTfLiteTensorFromFlatbuffer(tflite::Model const*, tflite::SubGraph const*, TfLiteTensor*, int, bool)
 .text._ZN6tflite8internal36InitializeTfLiteTensorFromFlatbufferEPNS_21SimpleMemoryAllocatorEbRKNS_6TensorEPKN11flatbuffers6VectorINS6_6OffsetINS_6BufferEEEEEPNS_13ErrorReporterEP12TfLiteTensor
                0x00000000100084d0      0x280 CMakeFiles/parent_headsup_int8.dir/__/__/src/tensorflow/lite/micro/micro_allocator.cpp.obj
                0x00000000100084d0                tflite::internal::InitializeTfLiteTensorFromFlatbuffer(tflite::SimpleMemoryAllocator*, bool, tflite::Tensor const&, flatbuffers::Vector<flatbuffers::Offset<tflite::Buffer> > const*, tflite::ErrorReporter*, TfLiteTensor*)
 .text._ZN6tflite14MicroAllocator24AllocateTempTfLiteTensorEPKNS_5ModelEP16TfLiteEvalTensori
                0x0000000010008750      0x110 CMakeFiles/parent_headsup_int8.dir/__/__/src/tensorflow/lite/micro/micro_allocator.cpp.obj
                0x0000000010008750                tflite::MicroAllocator::AllocateTempTfLiteTensor(tflite::Model const*, TfLiteEvalTensor*, int)
 .text._ZN6tflite14MicroAllocator30AllocatePersistentTfLiteTensorEPKNS_5ModelEP16TfLiteEvalTensori
                0x0000000010008860      0x12c CMakeFiles/parent_headsup_int8.dir/__/__/src/tensorflow/lite/micro/micro_allocator.cpp.obj
                0x0000000010008860                tflite::MicroAllocator::AllocatePersistentTfLiteTensor(tflite::Model const*, TfLiteEvalTensor*, int)
 .text._ZN6tflite14MicroAllocator6CreateEPhjPNS_13ErrorReporterE
                0x000000001000898c       0x40 CMakeFiles/parent_headsup_int8.dir/__/__/src/tensorflow/lite/micro/micro_allocator.cpp.obj
                0x000000001000898c                tflite::MicroAllocator::Create(unsigned char*, unsigned int, tflite::ErrorReporter*)
 .text._ZN6tflite14MicroAllocator20StartModelAllocationEPKNS_5ModelERKNS_15MicroOpResolverEPPNS_19NodeAndRegistrationEPP16TfLiteEvalTensor
                0x00000000100089cc       0xf4 CMakeFiles/parent_headsup_int8.dir/__/__/src/tensorflow/lite/micro/micro_allocator.cpp.obj
                0x00000000100089cc                tflite::MicroAllocator::StartModelAllocation(tflite::Model const*, tflite::MicroOpResolver const&, tflite::NodeAndRegistration**, TfLiteEvalTensor**)
 .text._ZN6tflite14MicroAllocator21FinishModelAllocationEPKNS_5ModelEP16TfLiteEvalTensorPPNS_19ScratchBufferHandleE
                0x0000000010008ac0       0xd8 CMakeFiles/parent_headsup_int8.dir/__/__/src/tensorflow/lite/micro/micro_allocator.cpp.obj
                0x0000000010008ac0                tflite::MicroAllocator::FinishModelAllocation(tflite::Model const*, TfLiteEvalTensor*, tflite::ScratchBufferHandle**)
 .text._ZN6tflite14MicroAllocator27RequestScratchBufferInArenaEjPi
                0x0000000010008b98       0x78 CMakeFiles/parent_headsup_int8.dir/__/__/src/tensorflow/lite/micro/micro_allocator.cpp.obj
                0x0000000010008b98                tflite::MicroAllocator::RequestScratchBufferInArena(unsigned int, int*)
 .text._ZN6tflite14MicroAllocator28FinishPrepareNodeAllocationsEi
                0x0000000010008c10       0x60 CMakeFiles/parent_headsup_int8.dir/__/__/src/tensorflow/lite/micro/micro_allocator.cpp.obj
                0x0000000010008c10                tflite::MicroAllocator::FinishPrepareNodeAllocations(int)
 .text._ZN6tflite14MicroAllocator22CommitStaticMemoryPlanEPKNS_5ModelEPKNS_8SubGraphEP16TfLiteEvalTensorPNS_19ScratchBufferHandleE
                0x0000000010008c70      0x5d8 CMakeFiles/parent_headsup_int8.dir/__/__/src/tensorflow/lite/micro/micro_allocator.cpp.obj
                0x0000000010008c70                tflite::MicroAllocator::CommitStaticMemoryPlan(tflite::Model const*, tflite::SubGraph const*, TfLiteEvalTensor*, tflite::ScratchBufferHandle*)
 .text._ZN6tflite18MicroErrorReporterD0Ev
                0x0000000010009248        0x4 CMakeFiles/parent_headsup_int8.dir/__/__/src/tensorflow/lite/micro/micro_error_reporter.cpp.obj
                0x0000000010009248                tflite::MicroErrorReporter::~MicroErrorReporter()
                0x0000000010009248                tflite::MicroErrorReporter::~MicroErrorReporter()
                0x0000000010009248                tflite::MicroErrorReporter::~MicroErrorReporter()
 .text._ZN6tflite18MicroErrorReporter6ReportEPKcSt9__va_list
                0x000000001000924c       0x2c CMakeFiles/parent_headsup_int8.dir/__/__/src/tensorflow/lite/micro/micro_error_reporter.cpp.obj
                0x000000001000924c                tflite::MicroErrorReporter::Report(char const*, std::__va_list)
 .text._ZN6tflite8internal13ContextHelper24AllocatePersistentBufferEP13TfLiteContextj
                0x0000000010009278       0x10 CMakeFiles/parent_headsup_int8.dir/__/__/src/tensorflow/lite/micro/micro_interpreter.cpp.obj
                0x0000000010009278                tflite::internal::ContextHelper::AllocatePersistentBuffer(TfLiteContext*, unsigned int)
 .text._ZN6tflite8internal13ContextHelper16GetScratchBufferEP13TfLiteContexti
                0x0000000010009288        0xc CMakeFiles/parent_headsup_int8.dir/__/__/src/tensorflow/lite/micro/micro_interpreter.cpp.obj
                0x0000000010009288                tflite::internal::ContextHelper::GetScratchBuffer(TfLiteContext*, int)
 .text._ZN6tflite8internal13ContextHelper9GetTensorEPK13TfLiteContexti
                0x0000000010009294       0x14 CMakeFiles/parent_headsup_int8.dir/__/__/src/tensorflow/lite/micro/micro_interpreter.cpp.obj
                0x0000000010009294                tflite::internal::ContextHelper::GetTensor(TfLiteContext const*, int)
 .text._ZN6tflite8internal13ContextHelper13GetEvalTensorEPK13TfLiteContexti
                0x00000000100092a8       0x10 CMakeFiles/parent_headsup_int8.dir/__/__/src/tensorflow/lite/micro/micro_interpreter.cpp.obj
                0x00000000100092a8                tflite::internal::ContextHelper::GetEvalTensor(TfLiteContext const*, int)
 .text._ZN6tflite8internal13ContextHelper27RequestScratchBufferInArenaEP13TfLiteContextjPi
                0x00000000100092b8        0xc CMakeFiles/parent_headsup_int8.dir/__/__/src/tensorflow/lite/micro/micro_interpreter.cpp.obj
                0x00000000100092b8                tflite::internal::ContextHelper::RequestScratchBufferInArena(TfLiteContext*, unsigned int, int*)
 .text._ZN6tflite8internal13ContextHelper13ReportOpErrorEP13TfLiteContextPKcz
                0x00000000100092c4       0x20 CMakeFiles/parent_headsup_int8.dir/__/__/src/tensorflow/lite/micro/micro_interpreter.cpp.obj
                0x00000000100092c4                tflite::internal::ContextHelper::ReportOpError(TfLiteContext*, char const*, ...)
 .text._ZN6tflite16MicroInterpreterC2EPKNS_5ModelERKNS_15MicroOpResolverEPhjPNS_13ErrorReporterEPNS_8ProfilerE
                0x00000000100092e4       0xc4 CMakeFiles/parent_headsup_int8.dir/__/__/src/tensorflow/lite/micro/micro_interpreter.cpp.obj
                0x00000000100092e4                tflite::MicroInterpreter::MicroInterpreter(tflite::Model const*, tflite::MicroOpResolver const&, unsigned char*, unsigned int, tflite::ErrorReporter*, tflite::Profiler*)
                0x00000000100092e4                tflite::MicroInterpreter::MicroInterpreter(tflite::Model const*, tflite::MicroOpResolver const&, unsigned char*, unsigned int, tflite::ErrorReporter*, tflite::Profiler*)
 .text._ZN6tflite16MicroInterpreterD2Ev
                0x00000000100093a8       0x6c CMakeFiles/parent_headsup_int8.dir/__/__/src/tensorflow/lite/micro/micro_interpreter.cpp.obj
                0x00000000100093a8                tflite::MicroInterpreter::~MicroInterpreter()
                0x00000000100093a8                tflite::MicroInterpreter::~MicroInterpreter()
 .text._ZN6tflite16MicroInterpreter5inputEj
                0x0000000010009414       0xac CMakeFiles/parent_headsup_int8.dir/__/__/src/tensorflow/lite/micro/micro_interpreter.cpp.obj
                0x0000000010009414                tflite::MicroInterpreter::input(unsigned int)
 .text._ZN6tflite16MicroInterpreter6outputEj
                0x00000000100094c0       0xac CMakeFiles/parent_headsup_int8.dir/__/__/src/tensorflow/lite/micro/micro_interpreter.cpp.obj
                0x00000000100094c0                tflite::MicroInterpreter::output(unsigned int)
 .text._ZN6tflite16MicroInterpreter20ResetVariableTensorsEv
                0x000000001000956c       0xdc CMakeFiles/parent_headsup_int8.dir/__/__/src/tensorflow/lite/micro/micro_interpreter.cpp.obj
                0x000000001000956c                tflite::MicroInterpreter::ResetVariableTensors()
 .text._ZN6tflite16MicroInterpreter15AllocateTensorsEv
                0x0000000010009648      0x1a0 CMakeFiles/parent_headsup_int8.dir/__/__/src/tensorflow/lite/micro/micro_interpreter.cpp.obj
                0x0000000010009648                tflite::MicroInterpreter::AllocateTensors()
 .text._ZN6tflite16MicroInterpreter6InvokeEv
                0x00000000100097e8       0xe4 CMakeFiles/parent_headsup_int8.dir/__/__/src/tensorflow/lite/micro/micro_interpreter.cpp.obj
                0x00000000100097e8                tflite::MicroInterpreter::Invoke()
 .text.MicroVsnprintf
                0x00000000100098cc      0x554 CMakeFiles/parent_headsup_int8.dir/__/__/src/tensorflow/lite/micro/micro_string.cpp.obj
                0x00000000100098cc                MicroVsnprintf
 .text._ZN6tflite12ElementCountERK14TfLiteIntArray
                0x0000000010009e20       0x20 CMakeFiles/parent_headsup_int8.dir/__/__/src/tensorflow/lite/micro/micro_utils.cpp.obj
                0x0000000010009e20                tflite::ElementCount(TfLiteIntArray const&)
 .text.DebugLog
                0x0000000010009e40       0x28 CMakeFiles/parent_headsup_int8.dir/__/__/src/tensorflow/lite/micro/rp2/debug_log.cpp.obj
                0x0000000010009e40                DebugLog
 .text._ZN6tflite21SimpleMemoryAllocatorD0Ev
                0x0000000010009e68        0x4 CMakeFiles/parent_headsup_int8.dir/__/__/src/tensorflow/lite/micro/simple_memory_allocator.cpp.obj
                0x0000000010009e68                tflite::SimpleMemoryAllocator::~SimpleMemoryAllocator()
                0x0000000010009e68                tflite::SimpleMemoryAllocator::~SimpleMemoryAllocator()
                0x0000000010009e68                tflite::SimpleMemoryAllocator::~SimpleMemoryAllocator()
 .text._ZN6tflite21SimpleMemoryAllocator20ResetTempAllocationsEv
                0x0000000010009e6c        0x8 CMakeFiles/parent_headsup_int8.dir/__/__/src/tensorflow/lite/micro/simple_memory_allocator.cpp.obj
                0x0000000010009e6c                tflite::SimpleMemoryAllocator::ResetTempAllocations()
 .text._ZN6tflite21SimpleMemoryAllocator12AllocateTempEjj
                0x0000000010009e74       0x38 CMakeFiles/parent_headsup_int8.dir/__/__/src/tensorflow/lite/micro/simple_memory_allocator.cpp.obj
                0x0000000010009e74                tflite::SimpleMemoryAllocator::AllocateTemp(unsigned int, unsigned int)
 .text._ZN6tflite21SimpleMemoryAllocator16AllocateFromTailEjj
                0x0000000010009eac       0x38 CMakeFiles/parent_headsup_int8.dir/__/__/src/tensorflow/lite/micro/simple_memory_allocator.cpp.obj
                0x0000000010009eac                tflite::SimpleMemoryAllocator::AllocateFromTail(unsigned int, unsigned int)
 .text._ZN6tflite21SimpleMemoryAllocator17SetHeadBufferSizeEjj
                0x0000000010009ee4       0x54 CMakeFiles/parent_headsup_int8.dir/__/__/src/tensorflow/lite/micro/simple_memory_allocator.cpp.obj
                0x0000000010009ee4                tflite::SimpleMemoryAllocator::SetHeadBufferSize(unsigned int, unsigned int)
 .text._ZN6tflite21SimpleMemoryAllocator6CreateEPNS_13ErrorReporterEPhj
                0x0000000010009f38       0x48 CMakeFiles/parent_headsup_int8.dir/__/__/src/tensorflow/lite/micro/simple_memory_allocator.cpp.obj
                0x0000000010009f38                tflite::SimpleMemoryAllocator::Create(tflite::ErrorReporter*, unsigned char*, unsigned int)
 .text._ZNK6tflite21SimpleMemoryAllocator13GetHeadBufferEv
                0x0000000010009f80        0x4 CMakeFiles/parent_headsup_int8.dir/__/__/src/tensorflow/lite/micro/simple_memory_allocator.cpp.obj
                0x0000000010009f80                tflite::SimpleMemoryAllocator::GetHeadBuffer() const
 .text._ZNK6tflite21SimpleMemoryAllocator18GetAvailableMemoryEj
                0x0000000010009f84       0x1c CMakeFiles/parent_headsup_int8.dir/__/__/src/tensorflow/lite/micro/simple_memory_allocator.cpp.obj
                0x0000000010009f84                tflite::SimpleMemoryAllocator::GetAvailableMemory(unsigned int) const
 .text._ZN6tflite14GetBuiltinCodeEPKNS_12OperatorCodeE
                0x0000000010009fa0       0x38 CMakeFiles/parent_headsup_int8.dir/__/__/src/tensorflow/lite/schema/schema_utils.cpp.obj
                0x0000000010009fa0                tflite::GetBuiltinCode(tflite::OperatorCode const*)
 .text.arm_convolve_1_x_n_s8
                0x0000000010009fd8       0x34 CMakeFiles/parent_headsup_int8.dir/__/__/src/third_party/cmsis/CMSIS/NN/Source/ConvolutionFunctions/arm_convolve_1_x_n_s8.c.obj
                0x0000000010009fd8                arm_convolve_1_x_n_s8
 .text.arm_convolve_1_x_n_s8_get_buffer_size
                0x000000001000a00c        0x4 CMakeFiles/parent_headsup_int8.dir/__/__/src/third_party/cmsis/CMSIS/NN/Source/ConvolutionFunctions/arm_convolve_1_x_n_s8.c.obj
                0x000000001000a00c                arm_convolve_1_x_n_s8_get_buffer_size
 .text.arm_convolve_1x1_s8_fast
                0x000000001000a010       0x68 CMakeFiles/parent_headsup_int8.dir/__/__/src/third_party/cmsis/CMSIS/NN/Source/ConvolutionFunctions/arm_convolve_1x1_s8_fast.c.obj
                0x000000001000a010                arm_convolve_1x1_s8_fast
 .text.arm_convolve_1x1_s8_fast_get_buffer_size
                0x000000001000a078        0x4 CMakeFiles/parent_headsup_int8.dir/__/__/src/third_party/cmsis/CMSIS/NN/Source/ConvolutionFunctions/arm_convolve_1x1_s8_fast.c.obj
                0x000000001000a078                arm_convolve_1x1_s8_fast_get_buffer_size
 .text.arm_convolve_s8
                0x000000001000a07c      0x32c CMakeFiles/parent_headsup_int8.dir/__/__/src/third_party/cmsis/CMSIS/NN/Source/ConvolutionFunctions/arm_convolve_s8.c.obj
                0x000000001000a07c                arm_convolve_s8
 .text.arm_convolve_s8_get_buffer_size
                0x000000001000a3a8        0x4 CMakeFiles/parent_headsup_int8.dir/__/__/src/third_party/cmsis/CMSIS/NN/Source/ConvolutionFunctions/arm_convolve_s8.c.obj
                0x000000001000a3a8                arm_convolve_s8_get_buffer_size
 .text.arm_convolve_wrapper_s8
                0x000000001000a3ac       0xac CMakeFiles/parent_headsup_int8.dir/__/__/src/third_party/cmsis/CMSIS/NN/Source/ConvolutionFunctions/arm_convolve_wrapper_s8.c.obj
                0x000000001000a3ac                arm_convolve_wrapper_s8
 .text.arm_convolve_wrapper_s8_get_buffer_size
                0x000000001000a458       0x64 CMakeFiles/parent_headsup_int8.dir/__/__/src/third_party/cmsis/CMSIS/NN/Source/ConvolutionFunctions/arm_convolve_wrapper_s8.c.obj
                0x000000001000a458                arm_convolve_wrapper_s8_get_buffer_size
 .text.arm_depthwise_conv_3x3_s8
                0x000000001000a4bc      0x830 CMakeFiles/parent_headsup_int8.dir/__/__/src/third_party/cmsis/CMSIS/NN/Source/ConvolutionFunctions/arm_depthwise_conv_3x3_s8.c.obj
                0x000000001000a4bc                arm_depthwise_conv_3x3_s8
 .text.arm_depthwise_conv_s8
                0x000000001000acec      0x764 CMakeFiles/parent_headsup_int8.dir/__/__/src/third_party/cmsis/CMSIS/NN/Source/ConvolutionFunctions/arm_depthwise_conv_s8.c.obj
                0x000000001000acec                arm_depthwise_conv_s8
 .text.arm_depthwise_conv_s8_opt
                0x000000001000b450       0x38 CMakeFiles/parent_headsup_int8.dir/__/__/src/third_party/cmsis/CMSIS/NN/Source/ConvolutionFunctions/arm_depthwise_conv_s8_opt.c.obj
                0x000000001000b450                arm_depthwise_conv_s8_opt
 .text.arm_depthwise_conv_s8_opt_get_buffer_size
                0x000000001000b488        0x4 CMakeFiles/parent_headsup_int8.dir/__/__/src/third_party/cmsis/CMSIS/NN/Source/ConvolutionFunctions/arm_depthwise_conv_s8_opt.c.obj
                0x000000001000b488                arm_depthwise_conv_s8_opt_get_buffer_size
 .text.arm_depthwise_conv_u8_basic_ver1
                0x000000001000b48c      0x750 CMakeFiles/parent_headsup_int8.dir/__/__/src/third_party/cmsis/CMSIS/NN/Source/ConvolutionFunctions/arm_depthwise_conv_u8_basic_ver1.c.obj
                0x000000001000b48c                arm_depthwise_conv_u8_basic_ver1
 .text.arm_depthwise_conv_wrapper_s8
                0x000000001000bbdc       0x80 CMakeFiles/parent_headsup_int8.dir/__/__/src/third_party/cmsis/CMSIS/NN/Source/ConvolutionFunctions/arm_depthwise_conv_wrapper_s8.c.obj
                0x000000001000bbdc                arm_depthwise_conv_wrapper_s8
 .text.arm_depthwise_conv_wrapper_s8_get_buffer_size
                0x000000001000bc5c       0x1c CMakeFiles/parent_headsup_int8.dir/__/__/src/third_party/cmsis/CMSIS/NN/Source/ConvolutionFunctions/arm_depthwise_conv_wrapper_s8.c.obj
                0x000000001000bc5c                arm_depthwise_conv_wrapper_s8_get_buffer_size
 .text.arm_nn_mat_mult_nt_t_s8
                0x000000001000bc78      0x5d4 CMakeFiles/parent_headsup_int8.dir/__/__/src/third_party/cmsis/CMSIS/NN/Source/NNSupportFunctions/arm_nn_mat_mult_nt_t_s8.c.obj
                0x000000001000bc78                arm_nn_mat_mult_nt_t_s8
 .text.arm_avgpool_s8
                0x000000001000c24c      0x350 CMakeFiles/parent_headsup_int8.dir/__/__/src/third_party/cmsis/CMSIS/NN/Source/PoolingFunctions/arm_avgpool_s8.c.obj
                0x000000001000c24c                arm_avgpool_s8
 .text.arm_avgpool_s8_get_buffer_size
                0x000000001000c59c        0x4 CMakeFiles/parent_headsup_int8.dir/__/__/src/third_party/cmsis/CMSIS/NN/Source/PoolingFunctions/arm_avgpool_s8.c.obj
                0x000000001000c59c                arm_avgpool_s8_get_buffer_size
 .text.arm_max_pool_s8
                0x000000001000c5a0      0x3ec CMakeFiles/parent_headsup_int8.dir/__/__/src/third_party/cmsis/CMSIS/NN/Source/PoolingFunctions/arm_max_pool_s8.c.obj
                0x000000001000c5a0                arm_max_pool_s8
 .text.arm_softmax_s8
                0x000000001000c98c      0xf4c CMakeFiles/parent_headsup_int8.dir/__/__/src/third_party/cmsis/CMSIS/NN/Source/SoftmaxFunctions/arm_softmax_s8.c.obj
                0x000000001000c98c                arm_softmax_s8
 .text.setup_default_uart
                0x000000001000d8d8       0x2c CMakeFiles/parent_headsup_int8.dir/mnt/c/SideProject/RPI/pico/pico-sdk/src/rp2_common/pico_stdlib/stdlib.c.obj
                0x000000001000d8d8                setup_default_uart
 .text.gpio_set_function
                0x000000001000d904       0x30 CMakeFiles/parent_headsup_int8.dir/mnt/c/SideProject/RPI/pico/pico-sdk/src/rp2_common/hardware_gpio/gpio.c.obj
                0x000000001000d904                gpio_set_function
 .text.gpio_init
                0x000000001000d934       0x3c CMakeFiles/parent_headsup_int8.dir/mnt/c/SideProject/RPI/pico/pico-sdk/src/rp2_common/hardware_gpio/gpio.c.obj
                0x000000001000d934                gpio_init
 .text.hw_claim_lock
                0x000000001000d970       0x18 CMakeFiles/parent_headsup_int8.dir/mnt/c/SideProject/RPI/pico/pico-sdk/src/rp2_common/hardware_claim/claim.c.obj
                0x000000001000d970                hw_claim_lock
 .text.hw_claim_unlock
                0x000000001000d988       0x14 CMakeFiles/parent_headsup_int8.dir/mnt/c/SideProject/RPI/pico/pico-sdk/src/rp2_common/hardware_claim/claim.c.obj
                0x000000001000d988                hw_claim_unlock
 .text.hw_claim_or_assert
                0x000000001000d99c       0x48 CMakeFiles/parent_headsup_int8.dir/mnt/c/SideProject/RPI/pico/pico-sdk/src/rp2_common/hardware_claim/claim.c.obj
                0x000000001000d99c                hw_claim_or_assert
 .text.hw_claim_unused_from_range
                0x000000001000d9e4       0x9c CMakeFiles/parent_headsup_int8.dir/mnt/c/SideProject/RPI/pico/pico-sdk/src/rp2_common/hardware_claim/claim.c.obj
                0x000000001000d9e4                hw_claim_unused_from_range
 .text.running_on_fpga
                0x000000001000da80       0x10 CMakeFiles/parent_headsup_int8.dir/mnt/c/SideProject/RPI/pico/pico-sdk/src/rp2_common/pico_platform/platform.c.obj
                0x000000001000da80                running_on_fpga
 .text.spin_locks_reset
                0x000000001000da90       0x1c CMakeFiles/parent_headsup_int8.dir/mnt/c/SideProject/RPI/pico/pico-sdk/src/rp2_common/hardware_sync/sync.c.obj
                0x000000001000da90                spin_locks_reset
 .text.next_striped_spin_lock_num
                0x000000001000daac       0x18 CMakeFiles/parent_headsup_int8.dir/mnt/c/SideProject/RPI/pico/pico-sdk/src/rp2_common/hardware_sync/sync.c.obj
                0x000000001000daac                next_striped_spin_lock_num
 .text.spin_lock_claim_unused
                0x000000001000dac4       0x20 CMakeFiles/parent_headsup_int8.dir/mnt/c/SideProject/RPI/pico/pico-sdk/src/rp2_common/hardware_sync/sync.c.obj
                0x000000001000dac4                spin_lock_claim_unused
 .text.uart_init
                0x000000001000dae4       0xe4 CMakeFiles/parent_headsup_int8.dir/mnt/c/SideProject/RPI/pico/pico-sdk/src/rp2_common/hardware_uart/uart.c.obj
                0x000000001000dae4                uart_init
 .text.timer_pool_entry_comparator
                0x000000001000dbc8       0x34 CMakeFiles/parent_headsup_int8.dir/mnt/c/SideProject/RPI/pico/pico-sdk/src/common/pico_time/time.c.obj
                0x000000001000dbc8                timer_pool_entry_comparator
 .text.sleep_until_callback
                0x000000001000dbfc       0x30 CMakeFiles/parent_headsup_int8.dir/mnt/c/SideProject/RPI/pico/pico-sdk/src/common/pico_time/time.c.obj
 .text.alarm_pool_add_alarm_at.constprop.0
                0x000000001000dc2c      0x128 CMakeFiles/parent_headsup_int8.dir/mnt/c/SideProject/RPI/pico/pico-sdk/src/common/pico_time/time.c.obj
 .text.add_alarm_under_lock
                0x000000001000dd54      0x108 CMakeFiles/parent_headsup_int8.dir/mnt/c/SideProject/RPI/pico/pico-sdk/src/common/pico_time/time.c.obj
 .text.alarm_pool_alarm_callback
                0x000000001000de5c      0x1c8 CMakeFiles/parent_headsup_int8.dir/mnt/c/SideProject/RPI/pico/pico-sdk/src/common/pico_time/time.c.obj
 .text.alarm_pool_init_default
                0x000000001000e024       0x64 CMakeFiles/parent_headsup_int8.dir/mnt/c/SideProject/RPI/pico/pico-sdk/src/common/pico_time/time.c.obj
                0x000000001000e024                alarm_pool_init_default
 .text.alarm_pool_get_default
                0x000000001000e088        0x8 CMakeFiles/parent_headsup_int8.dir/mnt/c/SideProject/RPI/pico/pico-sdk/src/common/pico_time/time.c.obj
                0x000000001000e088                alarm_pool_get_default
 .text.alarm_pool_add_alarm_at
                0x000000001000e090      0x1ac CMakeFiles/parent_headsup_int8.dir/mnt/c/SideProject/RPI/pico/pico-sdk/src/common/pico_time/time.c.obj
                0x000000001000e090                alarm_pool_add_alarm_at
 .text.sleep_until
                0x000000001000e23c       0xac CMakeFiles/parent_headsup_int8.dir/mnt/c/SideProject/RPI/pico/pico-sdk/src/common/pico_time/time.c.obj
                0x000000001000e23c                sleep_until
 .text.sleep_us
                0x000000001000e2e8       0x30 CMakeFiles/parent_headsup_int8.dir/mnt/c/SideProject/RPI/pico/pico-sdk/src/common/pico_time/time.c.obj
                0x000000001000e2e8                sleep_us
 .text.sleep_ms
                0x000000001000e318       0x38 CMakeFiles/parent_headsup_int8.dir/mnt/c/SideProject/RPI/pico/pico-sdk/src/common/pico_time/time.c.obj
                0x000000001000e318                sleep_ms
 .text.best_effort_wfe_or_timeout
                0x000000001000e350       0xd4 CMakeFiles/parent_headsup_int8.dir/mnt/c/SideProject/RPI/pico/pico-sdk/src/common/pico_time/time.c.obj
                0x000000001000e350                best_effort_wfe_or_timeout
 .text.hardware_alarm_irq_handler
                0x000000001000e424       0xb8 CMakeFiles/parent_headsup_int8.dir/mnt/c/SideProject/RPI/pico/pico-sdk/src/rp2_common/hardware_timer/timer.c.obj
 .text.hardware_alarm_claim
                0x000000001000e4dc       0x18 CMakeFiles/parent_headsup_int8.dir/mnt/c/SideProject/RPI/pico/pico-sdk/src/rp2_common/hardware_timer/timer.c.obj
                0x000000001000e4dc                hardware_alarm_claim
 .text.time_us_64
                0x000000001000e4f4       0x14 CMakeFiles/parent_headsup_int8.dir/mnt/c/SideProject/RPI/pico/pico-sdk/src/rp2_common/hardware_timer/timer.c.obj
                0x000000001000e4f4                time_us_64
 .text.busy_wait_until
                0x000000001000e508       0x20 CMakeFiles/parent_headsup_int8.dir/mnt/c/SideProject/RPI/pico/pico-sdk/src/rp2_common/hardware_timer/timer.c.obj
                0x000000001000e508                busy_wait_until
 .text.hardware_alarm_set_callback
                0x000000001000e528       0x8c CMakeFiles/parent_headsup_int8.dir/mnt/c/SideProject/RPI/pico/pico-sdk/src/rp2_common/hardware_timer/timer.c.obj
                0x000000001000e528                hardware_alarm_set_callback
 .text.hardware_alarm_set_target
                0x000000001000e5b4       0xe4 CMakeFiles/parent_headsup_int8.dir/mnt/c/SideProject/RPI/pico/pico-sdk/src/rp2_common/hardware_timer/timer.c.obj
                0x000000001000e5b4                hardware_alarm_set_target
 .text.hardware_alarm_cancel
                0x000000001000e698       0x40 CMakeFiles/parent_headsup_int8.dir/mnt/c/SideProject/RPI/pico/pico-sdk/src/rp2_common/hardware_timer/timer.c.obj
                0x000000001000e698                hardware_alarm_cancel
 .text.lock_init
                0x000000001000e6d8       0x10 CMakeFiles/parent_headsup_int8.dir/mnt/c/SideProject/RPI/pico/pico-sdk/src/common/pico_sync/lock_core.c.obj
                0x000000001000e6d8                lock_init
 .text.mutex_init
                0x000000001000e6e8       0x1c CMakeFiles/parent_headsup_int8.dir/mnt/c/SideProject/RPI/pico/pico-sdk/src/common/pico_sync/mutex.c.obj
                0x000000001000e6e8                mutex_init
 .text.recursive_mutex_init
                0x000000001000e704       0x1c CMakeFiles/parent_headsup_int8.dir/mnt/c/SideProject/RPI/pico/pico-sdk/src/common/pico_sync/mutex.c.obj
                0x000000001000e704                recursive_mutex_init
 .text.critical_section_init
                0x000000001000e720       0x1c CMakeFiles/parent_headsup_int8.dir/mnt/c/SideProject/RPI/pico/pico-sdk/src/common/pico_sync/critical_section.c.obj
                0x000000001000e720                critical_section_init
 .text.ph_merge_nodes
                0x000000001000e73c       0x68 CMakeFiles/parent_headsup_int8.dir/mnt/c/SideProject/RPI/pico/pico-sdk/src/common/pico_util/pheap.c.obj
 .text.ph_post_alloc_init
                0x000000001000e7a4       0x3c CMakeFiles/parent_headsup_int8.dir/mnt/c/SideProject/RPI/pico/pico-sdk/src/common/pico_util/pheap.c.obj
                0x000000001000e7a4                ph_post_alloc_init
 .text.ph_merge_two_pass
                0x000000001000e7e0       0x90 CMakeFiles/parent_headsup_int8.dir/mnt/c/SideProject/RPI/pico/pico-sdk/src/common/pico_util/pheap.c.obj
                0x000000001000e7e0                ph_merge_two_pass
 .text.ph_remove_any_head
                0x000000001000e870       0xf8 CMakeFiles/parent_headsup_int8.dir/mnt/c/SideProject/RPI/pico/pico-sdk/src/common/pico_util/pheap.c.obj
 .text.ph_remove_head
                0x000000001000e968      0x13c CMakeFiles/parent_headsup_int8.dir/mnt/c/SideProject/RPI/pico/pico-sdk/src/common/pico_util/pheap.c.obj
                0x000000001000e968                ph_remove_head
 .text.ph_remove_and_free_node
                0x000000001000eaa4       0x7c CMakeFiles/parent_headsup_int8.dir/mnt/c/SideProject/RPI/pico/pico-sdk/src/common/pico_util/pheap.c.obj
                0x000000001000eaa4                ph_remove_and_free_node
 .text.runtime_init
                0x000000001000eb20       0xfc CMakeFiles/parent_headsup_int8.dir/mnt/c/SideProject/RPI/pico/pico-sdk/src/rp2_common/pico_runtime/runtime.c.obj
                0x000000001000eb20                runtime_init
 .text._exit    0x000000001000ec1c        0x4 CMakeFiles/parent_headsup_int8.dir/mnt/c/SideProject/RPI/pico/pico-sdk/src/rp2_common/pico_runtime/runtime.c.obj
                0x000000001000ec1c                _exit
 .text._sbrk    0x000000001000ec20       0x34 CMakeFiles/parent_headsup_int8.dir/mnt/c/SideProject/RPI/pico/pico-sdk/src/rp2_common/pico_runtime/runtime.c.obj
                0x000000001000ec20                _sbrk
 .text.exit     0x000000001000ec54        0x4 CMakeFiles/parent_headsup_int8.dir/mnt/c/SideProject/RPI/pico/pico-sdk/src/rp2_common/pico_runtime/runtime.c.obj
                0x000000001000ec54                exit
 .text.panic    0x000000001000ec58       0x30 CMakeFiles/parent_headsup_int8.dir/mnt/c/SideProject/RPI/pico/pico-sdk/src/rp2_common/pico_runtime/runtime.c.obj
                0x000000001000ec58                panic
 .text.hard_assertion_failure
                0x000000001000ec88        0xc CMakeFiles/parent_headsup_int8.dir/mnt/c/SideProject/RPI/pico/pico-sdk/src/rp2_common/pico_runtime/runtime.c.obj
                0x000000001000ec88                hard_assertion_failure
 .text.clocks_init
                0x000000001000ec94      0x2bc CMakeFiles/parent_headsup_int8.dir/mnt/c/SideProject/RPI/pico/pico-sdk/src/rp2_common/hardware_clocks/clocks.c.obj
                0x000000001000ec94                clocks_init
 .text.clock_get_hz
                0x000000001000ef50        0xc CMakeFiles/parent_headsup_int8.dir/mnt/c/SideProject/RPI/pico/pico-sdk/src/rp2_common/hardware_clocks/clocks.c.obj
                0x000000001000ef50                clock_get_hz
 .text.irq_set_enabled
                0x000000001000ef5c       0x24 CMakeFiles/parent_headsup_int8.dir/mnt/c/SideProject/RPI/pico/pico-sdk/src/rp2_common/hardware_irq/irq.c.obj
                0x000000001000ef5c                irq_set_enabled
 .text.irq_set_pending
                0x000000001000ef80       0x10 CMakeFiles/parent_headsup_int8.dir/mnt/c/SideProject/RPI/pico/pico-sdk/src/rp2_common/hardware_irq/irq.c.obj
                0x000000001000ef80                irq_set_pending
 .text.irq_get_vtable_handler
                0x000000001000ef90       0x10 CMakeFiles/parent_headsup_int8.dir/mnt/c/SideProject/RPI/pico/pico-sdk/src/rp2_common/hardware_irq/irq.c.obj
                0x000000001000ef90                irq_get_vtable_handler
 .text.irq_set_exclusive_handler
                0x000000001000efa0       0x54 CMakeFiles/parent_headsup_int8.dir/mnt/c/SideProject/RPI/pico/pico-sdk/src/rp2_common/hardware_irq/irq.c.obj
                0x000000001000efa0                irq_set_exclusive_handler
 .text.irq_remove_handler
                0x000000001000eff4      0x1b8 CMakeFiles/parent_headsup_int8.dir/mnt/c/SideProject/RPI/pico/pico-sdk/src/rp2_common/hardware_irq/irq.c.obj
                0x000000001000eff4                irq_remove_handler
 .text.irq_add_tail_to_free_list
                0x000000001000f1ac       0xb8 CMakeFiles/parent_headsup_int8.dir/mnt/c/SideProject/RPI/pico/pico-sdk/src/rp2_common/hardware_irq/irq.c.obj
                0x000000001000f1ac                irq_add_tail_to_free_list
 .text.irq_init_priorities
                0x000000001000f264       0x38 CMakeFiles/parent_headsup_int8.dir/mnt/c/SideProject/RPI/pico/pico-sdk/src/rp2_common/hardware_irq/irq.c.obj
                0x000000001000f264                irq_init_priorities
 .text.pll_init
                0x000000001000f29c       0xa4 CMakeFiles/parent_headsup_int8.dir/mnt/c/SideProject/RPI/pico/pico-sdk/src/rp2_common/hardware_pll/pll.c.obj
                0x000000001000f29c                pll_init
 .text.watchdog_start_tick
                0x000000001000f340       0x10 CMakeFiles/parent_headsup_int8.dir/mnt/c/SideProject/RPI/pico/pico-sdk/src/rp2_common/hardware_watchdog/watchdog.c.obj
                0x000000001000f340                watchdog_start_tick
 .text.watchdog_reboot
                0x000000001000f350       0x98 CMakeFiles/parent_headsup_int8.dir/mnt/c/SideProject/RPI/pico/pico-sdk/src/rp2_common/hardware_watchdog/watchdog.c.obj
                0x000000001000f350                watchdog_reboot
 .text.xosc_init
                0x000000001000f3e8       0x28 CMakeFiles/parent_headsup_int8.dir/mnt/c/SideProject/RPI/pico/pico-sdk/src/rp2_common/hardware_xosc/xosc.c.obj
                0x000000001000f3e8                xosc_init
 .text._out_buffer
                0x000000001000f410        0x8 CMakeFiles/parent_headsup_int8.dir/mnt/c/SideProject/RPI/pico/pico-sdk/src/rp2_common/pico_printf/printf.c.obj
 .text._out_null
                0x000000001000f418        0x4 CMakeFiles/parent_headsup_int8.dir/mnt/c/SideProject/RPI/pico/pico-sdk/src/rp2_common/pico_printf/printf.c.obj
 .text._out_rev
                0x000000001000f41c       0xd0 CMakeFiles/parent_headsup_int8.dir/mnt/c/SideProject/RPI/pico/pico-sdk/src/rp2_common/pico_printf/printf.c.obj
 .text._ntoa_format
                0x000000001000f4ec      0x1d0 CMakeFiles/parent_headsup_int8.dir/mnt/c/SideProject/RPI/pico/pico-sdk/src/rp2_common/pico_printf/printf.c.obj
 .text._out_char
                0x000000001000f6bc       0x10 CMakeFiles/parent_headsup_int8.dir/mnt/c/SideProject/RPI/pico/pico-sdk/src/rp2_common/pico_printf/printf.c.obj
 .text._out_fct
                0x000000001000f6cc       0x10 CMakeFiles/parent_headsup_int8.dir/mnt/c/SideProject/RPI/pico/pico-sdk/src/rp2_common/pico_printf/printf.c.obj
 .text._etoa    0x000000001000f6dc      0x478 CMakeFiles/parent_headsup_int8.dir/mnt/c/SideProject/RPI/pico/pico-sdk/src/rp2_common/pico_printf/printf.c.obj
 .text._ftoa    0x000000001000fb54      0x3e0 CMakeFiles/parent_headsup_int8.dir/mnt/c/SideProject/RPI/pico/pico-sdk/src/rp2_common/pico_printf/printf.c.obj
 .text._vsnprintf
                0x000000001000ff34      0xb08 CMakeFiles/parent_headsup_int8.dir/mnt/c/SideProject/RPI/pico/pico-sdk/src/rp2_common/pico_printf/printf.c.obj
 .text.__wrap_sprintf
                0x0000000010010a3c       0x28 CMakeFiles/parent_headsup_int8.dir/mnt/c/SideProject/RPI/pico/pico-sdk/src/rp2_common/pico_printf/printf.c.obj
                0x0000000010010a3c                __wrap_sprintf
 .text.vfctprintf
                0x0000000010010a64       0x20 CMakeFiles/parent_headsup_int8.dir/mnt/c/SideProject/RPI/pico/pico-sdk/src/rp2_common/pico_printf/printf.c.obj
                0x0000000010010a64                vfctprintf
 .text.weak_raw_vprintf
                0x0000000010010a84       0x30 CMakeFiles/parent_headsup_int8.dir/mnt/c/SideProject/RPI/pico/pico-sdk/src/rp2_common/pico_printf/printf.c.obj
                0x0000000010010a84                weak_raw_vprintf
 .text          0x0000000010010ab4       0x10 CMakeFiles/parent_headsup_int8.dir/mnt/c/SideProject/RPI/pico/pico-sdk/src/rp2_common/pico_bit_ops/bit_ops_aeabi.S.obj
 .text.clzsi    0x0000000010010ac4        0xc CMakeFiles/parent_headsup_int8.dir/mnt/c/SideProject/RPI/pico/pico-sdk/src/rp2_common/pico_bit_ops/bit_ops_aeabi.S.obj
                0x0000000010010ac4                __wrap___clz
                0x0000000010010ac4                __wrap___clzsi2
                0x0000000010010ac4                __wrap___clzl
 .text.rom_func_lookup
                0x0000000010010ad0       0x10 CMakeFiles/parent_headsup_int8.dir/mnt/c/SideProject/RPI/pico/pico-sdk/src/rp2_common/pico_bootrom/bootrom.c.obj
                0x0000000010010ad0                rom_func_lookup
 .text.rom_data_lookup
                0x0000000010010ae0       0x10 CMakeFiles/parent_headsup_int8.dir/mnt/c/SideProject/RPI/pico/pico-sdk/src/rp2_common/pico_bootrom/bootrom.c.obj
                0x0000000010010ae0                rom_data_lookup
 .text.rom_funcs_lookup
                0x0000000010010af0       0x3c CMakeFiles/parent_headsup_int8.dir/mnt/c/SideProject/RPI/pico/pico-sdk/src/rp2_common/pico_bootrom/bootrom.c.obj
                0x0000000010010af0                rom_funcs_lookup
 .text.__wrap___aeabi_idiv
                0x0000000010010b2c       0x50 CMakeFiles/parent_headsup_int8.dir/mnt/c/SideProject/RPI/pico/pico-sdk/src/rp2_common/pico_divider/divider.S.obj
                0x0000000010010b2c                __wrap___aeabi_idivmod
                0x0000000010010b2c                divmod_s32s32
                0x0000000010010b2c                div_s32s32
                0x0000000010010b2c                __wrap___aeabi_idiv
                0x0000000010010b34                divmod_s32s32_unsafe
                0x0000000010010b60                divmod_s32s32_savestate
 .text.__wrap___aeabi_uidiv
                0x0000000010010b7c       0x4c CMakeFiles/parent_headsup_int8.dir/mnt/c/SideProject/RPI/pico/pico-sdk/src/rp2_common/pico_divider/divider.S.obj
                0x0000000010010b7c                __wrap___aeabi_uidiv
                0x0000000010010b7c                __wrap___aeabi_uidivmod
                0x0000000010010b7c                div_u32u32
                0x0000000010010b7c                divmod_u32u32
                0x0000000010010b84                divmod_u32u32_unsafe
                0x0000000010010bac                divmod_u32u32_savestate
 .text.__wrap___aeabi_ldiv
                0x0000000010010bc8      0x430 CMakeFiles/parent_headsup_int8.dir/mnt/c/SideProject/RPI/pico/pico-sdk/src/rp2_common/pico_divider/divider.S.obj
                0x0000000010010bc8                div_s64s64
                0x0000000010010bc8                divmod_s64s64
                0x0000000010010bc8                __wrap___aeabi_ldivmod
                0x0000000010010c00                div_u64u64
                0x0000000010010c00                divmod_u64u64
                0x0000000010010c00                __wrap___aeabi_uldivmod
                0x0000000010010c10                divmod_u64u64_savestate
                0x0000000010010c38                divmod_s64s64_unsafe
                0x0000000010010cc0                divmod_u64u64_unsafe
 .text.__wrap___aeabi_darithmetic
                0x0000000010010ff8       0x80 CMakeFiles/parent_headsup_int8.dir/mnt/c/SideProject/RPI/pico/pico-sdk/src/rp2_common/pico_double/double_aeabi.S.obj
                0x0000000010010ff8                __wrap___aeabi_drsub
                0x0000000010010ffe                __wrap___aeabi_dsub
                0x0000000010011010                __wrap___aeabi_dadd
                0x0000000010011022                __wrap___aeabi_ddiv
                0x000000001001105e                __wrap___aeabi_dmul
 .text.__wrap___aeabi_cdcmple
                0x0000000010011078       0x6c CMakeFiles/parent_headsup_int8.dir/mnt/c/SideProject/RPI/pico/pico-sdk/src/rp2_common/pico_double/double_aeabi.S.obj
                0x0000000010011078                __wrap___aeabi_cdrcmple
                0x0000000010011088                __wrap___aeabi_cdcmple
                0x0000000010011088                __wrap___aeabi_cdcmpeq
 .text.__wrap___aeabi_dcmpeq
                0x00000000100110e4       0x10 CMakeFiles/parent_headsup_int8.dir/mnt/c/SideProject/RPI/pico/pico-sdk/src/rp2_common/pico_double/double_aeabi.S.obj
                0x00000000100110e4                __wrap___aeabi_dcmpeq
 .text.__wrap___aeabi_dcmplt
                0x00000000100110f4        0xc CMakeFiles/parent_headsup_int8.dir/mnt/c/SideProject/RPI/pico/pico-sdk/src/rp2_common/pico_double/double_aeabi.S.obj
                0x00000000100110f4                __wrap___aeabi_dcmplt
 .text.__wrap___aeabi_dcmple
                0x0000000010011100       0x10 CMakeFiles/parent_headsup_int8.dir/mnt/c/SideProject/RPI/pico/pico-sdk/src/rp2_common/pico_double/double_aeabi.S.obj
                0x0000000010011100                __wrap___aeabi_dcmple
 .text.__wrap___aeabi_dcmpge
                0x0000000010011110       0x10 CMakeFiles/parent_headsup_int8.dir/mnt/c/SideProject/RPI/pico/pico-sdk/src/rp2_common/pico_double/double_aeabi.S.obj
                0x0000000010011110                __wrap___aeabi_dcmpge
 .text.__wrap___aeabi_dcmpgt
                0x0000000010011120        0xa CMakeFiles/parent_headsup_int8.dir/mnt/c/SideProject/RPI/pico/pico-sdk/src/rp2_common/pico_double/double_aeabi.S.obj
                0x0000000010011120                __wrap___aeabi_dcmpgt
 .text.__wrap___aeabi_dcmpun
                0x000000001001112a       0x1c CMakeFiles/parent_headsup_int8.dir/mnt/c/SideProject/RPI/pico/pico-sdk/src/rp2_common/pico_double/double_aeabi.S.obj
                0x000000001001112a                __wrap___aeabi_dcmpun
 *fill*         0x0000000010011146        0x2 
 .text.__wrap___aeabi_i2d
                0x0000000010011148       0x38 CMakeFiles/parent_headsup_int8.dir/mnt/c/SideProject/RPI/pico/pico-sdk/src/rp2_common/pico_double/double_aeabi.S.obj
                0x0000000010011148                __wrap___aeabi_ui2d
                0x0000000010011150                __wrap___aeabi_i2d
 .text.__wrap___aeabi_d2iz
                0x0000000010011180       0x48 CMakeFiles/parent_headsup_int8.dir/mnt/c/SideProject/RPI/pico/pico-sdk/src/rp2_common/pico_double/double_aeabi.S.obj
                0x0000000010011180                __wrap___aeabi_d2iz
                0x0000000010011180                double2int_z
 .text.__wrap___aeabi_d2uiz
                0x00000000100111c8       0x18 CMakeFiles/parent_headsup_int8.dir/mnt/c/SideProject/RPI/pico/pico-sdk/src/rp2_common/pico_double/double_aeabi.S.obj
                0x00000000100111c8                double2uint
                0x00000000100111c8                __wrap___aeabi_d2uiz
 .text.__wrap___aeabi_l2d
                0x00000000100111e0       0x18 CMakeFiles/parent_headsup_int8.dir/mnt/c/SideProject/RPI/pico/pico-sdk/src/rp2_common/pico_double/double_aeabi.S.obj
                0x00000000100111e0                __wrap___aeabi_l2d
 .text.__wrap___aeabi_d2lz
                0x00000000100111f8       0x26 CMakeFiles/parent_headsup_int8.dir/mnt/c/SideProject/RPI/pico/pico-sdk/src/rp2_common/pico_double/double_aeabi.S.obj
                0x00000000100111f8                __wrap___aeabi_d2lz
                0x00000000100111f8                double2int64_z
 *fill*         0x000000001001121e        0x2 
 .text.double2int64
                0x0000000010011220       0x18 CMakeFiles/parent_headsup_int8.dir/mnt/c/SideProject/RPI/pico/pico-sdk/src/rp2_common/pico_double/double_aeabi.S.obj
                0x0000000010011220                double2int64
 .text.double2ufix64
                0x0000000010011238       0x18 CMakeFiles/parent_headsup_int8.dir/mnt/c/SideProject/RPI/pico/pico-sdk/src/rp2_common/pico_double/double_aeabi.S.obj
                0x0000000010011238                double2ufix64
 .text.__wrap___aeabi_d2f
                0x0000000010011250       0x18 CMakeFiles/parent_headsup_int8.dir/mnt/c/SideProject/RPI/pico/pico-sdk/src/rp2_common/pico_double/double_aeabi.S.obj
                0x0000000010011250                __wrap___aeabi_d2f
 .text.__aeabi_double_init
                0x0000000010011268       0xac CMakeFiles/parent_headsup_int8.dir/mnt/c/SideProject/RPI/pico/pico-sdk/src/rp2_common/pico_double/double_init_rom.c.obj
                0x0000000010011268                __aeabi_double_init
 .text.__wrap_round
                0x0000000010011314       0xa4 CMakeFiles/parent_headsup_int8.dir/mnt/c/SideProject/RPI/pico/pico-sdk/src/rp2_common/pico_double/double_math.c.obj
                0x0000000010011314                __wrap_round
 .text.__wrap_floor
                0x00000000100113b8       0x90 CMakeFiles/parent_headsup_int8.dir/mnt/c/SideProject/RPI/pico/pico-sdk/src/rp2_common/pico_double/double_math.c.obj
                0x00000000100113b8                __wrap_floor
 .text.double_table_shim_on_use_helper
                0x0000000010011448       0x2c CMakeFiles/parent_headsup_int8.dir/mnt/c/SideProject/RPI/pico/pico-sdk/src/rp2_common/pico_double/double_v1_rom_shim.S.obj
                0x0000000010011448                double_table_shim_on_use_helper
 .text.__wrap___aeabi_dsub
                0x0000000010011474       0x10 CMakeFiles/parent_headsup_int8.dir/mnt/c/SideProject/RPI/pico/pico-sdk/src/rp2_common/pico_double/double_v1_rom_shim.S.obj
                0x0000000010011474                drsub_shim
                0x000000001001147a                dsub_shim
 .text.dadd_shim
                0x0000000010011484      0x15c CMakeFiles/parent_headsup_int8.dir/mnt/c/SideProject/RPI/pico/pico-sdk/src/rp2_common/pico_double/double_v1_rom_shim.S.obj
                0x0000000010011484                dadd_shim
 .text.dmul_shim
                0x00000000100115e0      0x15c CMakeFiles/parent_headsup_int8.dir/mnt/c/SideProject/RPI/pico/pico-sdk/src/rp2_common/pico_double/double_v1_rom_shim.S.obj
                0x00000000100115e0                dmul_shim
 .text.ddiv_shim
                0x000000001001173c      0x1b0 CMakeFiles/parent_headsup_int8.dir/mnt/c/SideProject/RPI/pico/pico-sdk/src/rp2_common/pico_double/double_v1_rom_shim.S.obj
                0x000000001001173c                ddiv_shim
 .text.dcordic_rot_step
                0x00000000100118ec       0x7c CMakeFiles/parent_headsup_int8.dir/mnt/c/SideProject/RPI/pico/pico-sdk/src/rp2_common/pico_double/double_v1_rom_shim.S.obj
                0x00000000100118ec                dcordic_rot_step
 .text.double2uint_shim
                0x0000000010011968        0xe CMakeFiles/parent_headsup_int8.dir/mnt/c/SideProject/RPI/pico/pico-sdk/src/rp2_common/pico_double/double_v1_rom_shim.S.obj
                0x0000000010011968                double2uint_shim
                0x000000001001196a                double2ufix_shim
 .text.double2int64_shim
                0x0000000010011976       0x1a CMakeFiles/parent_headsup_int8.dir/mnt/c/SideProject/RPI/pico/pico-sdk/src/rp2_common/pico_double/double_v1_rom_shim.S.obj
                0x0000000010011976                double2int64_shim
                0x0000000010011978                double2fix64_shim
 .text.double2uint64_shim
                0x0000000010011990       0x6c CMakeFiles/parent_headsup_int8.dir/mnt/c/SideProject/RPI/pico/pico-sdk/src/rp2_common/pico_double/double_v1_rom_shim.S.obj
                0x0000000010011990                double2uint64_shim
                0x0000000010011992                double2ufix64_shim
                0x00000000100119ac                d2fix_a
 .text.double2float_shim
                0x00000000100119fc       0x5c CMakeFiles/parent_headsup_int8.dir/mnt/c/SideProject/RPI/pico/pico-sdk/src/rp2_common/pico_double/double_v1_rom_shim.S.obj
                0x00000000100119fc                double2float_shim
 .text.x2double_shims
                0x0000000010011a58       0x90 CMakeFiles/parent_headsup_int8.dir/mnt/c/SideProject/RPI/pico/pico-sdk/src/rp2_common/pico_double/double_v1_rom_shim.S.obj
                0x0000000010011a58                uint2double_shim
                0x0000000010011a5a                ufix2double_shim
                0x0000000010011a60                int2double_shim
                0x0000000010011a62                fix2double_shim
                0x0000000010011a68                uint642double_shim
                0x0000000010011a6a                ufix642double_shim
                0x0000000010011a70                int642double_shim
                0x0000000010011a72                fix642double_shim
 .text.dunpacks
                0x0000000010011ae8       0x3c CMakeFiles/parent_headsup_int8.dir/mnt/c/SideProject/RPI/pico/pico-sdk/src/rp2_common/pico_double/double_v1_rom_shim.S.obj
                0x0000000010011ae8                dunpacks
 .text.__aeabi_lmul
                0x0000000010011b24       0x32 CMakeFiles/parent_headsup_int8.dir/mnt/c/SideProject/RPI/pico/pico-sdk/src/rp2_common/pico_int64_ops/pico_int64_ops_aeabi.S.obj
                0x0000000010011b24                __wrap___aeabi_lmul
 *fill*         0x0000000010011b56        0x2 
 .text.__wrap___aeabi_farithmetic
                0x0000000010011b58       0x48 CMakeFiles/parent_headsup_int8.dir/mnt/c/SideProject/RPI/pico/pico-sdk/src/rp2_common/pico_float/float_aeabi.S.obj
                0x0000000010011b58                __wrap___aeabi_frsub
                0x0000000010011b5e                __wrap___aeabi_fsub
                0x0000000010011b64                __wrap___aeabi_fadd
                0x0000000010011b6a                __wrap___aeabi_fdiv
                0x0000000010011b92                __wrap___aeabi_fmul
 .text.__wrap___aeabi_cfcmple
                0x0000000010011ba0       0x50 CMakeFiles/parent_headsup_int8.dir/mnt/c/SideProject/RPI/pico/pico-sdk/src/rp2_common/pico_float/float_aeabi.S.obj
                0x0000000010011ba0                __wrap___aeabi_cfrcmple
                0x0000000010011bac                __wrap___aeabi_cfcmpeq
                0x0000000010011bac                __wrap___aeabi_cfcmple
 .text.__wrap___aeabi_fcmpeq
                0x0000000010011bf0       0x10 CMakeFiles/parent_headsup_int8.dir/mnt/c/SideProject/RPI/pico/pico-sdk/src/rp2_common/pico_float/float_aeabi.S.obj
                0x0000000010011bf0                __wrap___aeabi_fcmpeq
 .text.__wrap___aeabi_fcmplt
                0x0000000010011c00        0xc CMakeFiles/parent_headsup_int8.dir/mnt/c/SideProject/RPI/pico/pico-sdk/src/rp2_common/pico_float/float_aeabi.S.obj
                0x0000000010011c00                __wrap___aeabi_fcmplt
 .text.__wrap___aeabi_fcmpge
                0x0000000010011c0c       0x10 CMakeFiles/parent_headsup_int8.dir/mnt/c/SideProject/RPI/pico/pico-sdk/src/rp2_common/pico_float/float_aeabi.S.obj
                0x0000000010011c0c                __wrap___aeabi_fcmpge
 .text.__wrap___aeabi_fcmpgt
                0x0000000010011c1c        0xa CMakeFiles/parent_headsup_int8.dir/mnt/c/SideProject/RPI/pico/pico-sdk/src/rp2_common/pico_float/float_aeabi.S.obj
                0x0000000010011c1c                __wrap___aeabi_fcmpgt
 *fill*         0x0000000010011c26        0x2 
 .text.__wrap___aeabi_i2f
                0x0000000010011c28       0x44 CMakeFiles/parent_headsup_int8.dir/mnt/c/SideProject/RPI/pico/pico-sdk/src/rp2_common/pico_float/float_aeabi.S.obj
                0x0000000010011c28                __wrap___aeabi_i2f
 .text.__wrap___aeabi_f2iz
                0x0000000010011c6c       0x4e CMakeFiles/parent_headsup_int8.dir/mnt/c/SideProject/RPI/pico/pico-sdk/src/rp2_common/pico_float/float_aeabi.S.obj
                0x0000000010011c6c                __wrap___aeabi_f2iz
                0x0000000010011c6c                float2int_z
 *fill*         0x0000000010011cba        0x2 
 .text.float2int
                0x0000000010011cbc       0x14 CMakeFiles/parent_headsup_int8.dir/mnt/c/SideProject/RPI/pico/pico-sdk/src/rp2_common/pico_float/float_aeabi.S.obj
                0x0000000010011cbc                float2int
 .text.__wrap___aeabi_f2uiz
                0x0000000010011cd0        0xc CMakeFiles/parent_headsup_int8.dir/mnt/c/SideProject/RPI/pico/pico-sdk/src/rp2_common/pico_float/float_aeabi.S.obj
                0x0000000010011cd0                __wrap___aeabi_f2uiz
 .text.__wrap___aeabi_f2d
                0x0000000010011cdc       0x14 CMakeFiles/parent_headsup_int8.dir/mnt/c/SideProject/RPI/pico/pico-sdk/src/rp2_common/pico_float/float_aeabi.S.obj
                0x0000000010011cdc                __wrap___aeabi_f2d
 .text.__wrap_expf
                0x0000000010011cf0        0xc CMakeFiles/parent_headsup_int8.dir/mnt/c/SideProject/RPI/pico/pico-sdk/src/rp2_common/pico_float/float_aeabi.S.obj
                0x0000000010011cf0                __wrap_expf
 .text.__aeabi_float_init
                0x0000000010011cfc       0x64 CMakeFiles/parent_headsup_int8.dir/mnt/c/SideProject/RPI/pico/pico-sdk/src/rp2_common/pico_float/float_init_rom.c.obj
                0x0000000010011cfc                __aeabi_float_init
 .text.__wrap_roundf
                0x0000000010011d60       0x3c CMakeFiles/parent_headsup_int8.dir/mnt/c/SideProject/RPI/pico/pico-sdk/src/rp2_common/pico_float/float_math.c.obj
                0x0000000010011d60                __wrap_roundf
 .text.float_table_shim_on_use_helper
                0x0000000010011d9c       0x2c CMakeFiles/parent_headsup_int8.dir/mnt/c/SideProject/RPI/pico/pico-sdk/src/rp2_common/pico_float/float_v1_rom_shim.S.obj
                0x0000000010011d9c                float_table_shim_on_use_helper
 .text.float232_shims
                0x0000000010011dc8       0x18 CMakeFiles/parent_headsup_int8.dir/mnt/c/SideProject/RPI/pico/pico-sdk/src/rp2_common/pico_float/float_v1_rom_shim.S.obj
                0x0000000010011dc8                float2int_shim
                0x0000000010011dca                float2fix_shim
 .text.float2double_shim
                0x0000000010011de0       0x30 CMakeFiles/parent_headsup_int8.dir/mnt/c/SideProject/RPI/pico/pico-sdk/src/rp2_common/pico_float/float_v1_rom_shim.S.obj
                0x0000000010011de0                float2double_shim
 .text.__wrap_malloc
                0x0000000010011e10       0x24 CMakeFiles/parent_headsup_int8.dir/mnt/c/SideProject/RPI/pico/pico-sdk/src/rp2_common/pico_malloc/pico_malloc.c.obj
                0x0000000010011e10                __wrap_malloc
 .text.__wrap_free
                0x0000000010011e34        0x8 CMakeFiles/parent_headsup_int8.dir/mnt/c/SideProject/RPI/pico/pico-sdk/src/rp2_common/pico_malloc/pico_malloc.c.obj
                0x0000000010011e34                __wrap_free
 .text          0x0000000010011e3c       0x10 CMakeFiles/parent_headsup_int8.dir/mnt/c/SideProject/RPI/pico/pico-sdk/src/rp2_common/pico_mem_ops/mem_ops_aeabi.S.obj
                0x0000000010011e3c                __aeabi_mem_init
 .text.memset   0x0000000010011e4c        0xc CMakeFiles/parent_headsup_int8.dir/mnt/c/SideProject/RPI/pico/pico-sdk/src/rp2_common/pico_mem_ops/mem_ops_aeabi.S.obj
                0x0000000010011e4c                __wrap_memset
 .text.memcpy   0x0000000010011e58        0xc CMakeFiles/parent_headsup_int8.dir/mnt/c/SideProject/RPI/pico/pico-sdk/src/rp2_common/pico_mem_ops/mem_ops_aeabi.S.obj
                0x0000000010011e58                __wrap___aeabi_memcpy
                0x0000000010011e58                __wrap_memcpy
 .text._Znaj    0x0000000010011e64        0x8 CMakeFiles/parent_headsup_int8.dir/mnt/c/SideProject/RPI/pico/pico-sdk/src/rp2_common/pico_standard_link/new_delete.cpp.obj
                0x0000000010011e64                operator new[](unsigned int)
 .text._ZdlPv   0x0000000010011e6c        0x8 CMakeFiles/parent_headsup_int8.dir/mnt/c/SideProject/RPI/pico/pico-sdk/src/rp2_common/pico_standard_link/new_delete.cpp.obj
                0x0000000010011e6c                operator delete(void*)
 .text._ZdaPv   0x0000000010011e74        0x8 CMakeFiles/parent_headsup_int8.dir/mnt/c/SideProject/RPI/pico/pico-sdk/src/rp2_common/pico_standard_link/new_delete.cpp.obj
                0x0000000010011e74                operator delete[](void*)
 .text.stdio_out_chars_crlf.part.0
                0x0000000010011e7c       0x84 CMakeFiles/parent_headsup_int8.dir/mnt/c/SideProject/RPI/pico/pico-sdk/src/rp2_common/pico_stdio/stdio.c.obj
 .text.stdio_buffered_printer
                0x0000000010011f00       0x78 CMakeFiles/parent_headsup_int8.dir/mnt/c/SideProject/RPI/pico/pico-sdk/src/rp2_common/pico_stdio/stdio.c.obj
 .text.stdio_put_string
                0x0000000010011f78      0x100 CMakeFiles/parent_headsup_int8.dir/mnt/c/SideProject/RPI/pico/pico-sdk/src/rp2_common/pico_stdio/stdio.c.obj
 .text.__wrap_putchar
                0x0000000010012078       0x1c CMakeFiles/parent_headsup_int8.dir/mnt/c/SideProject/RPI/pico/pico-sdk/src/rp2_common/pico_stdio/stdio.c.obj
                0x0000000010012078                __wrap_putchar
 .text.__wrap_puts
                0x0000000010012094       0x3c CMakeFiles/parent_headsup_int8.dir/mnt/c/SideProject/RPI/pico/pico-sdk/src/rp2_common/pico_stdio/stdio.c.obj
                0x0000000010012094                __wrap_puts
 .text.stdio_set_driver_enabled
                0x00000000100120d0       0x3c CMakeFiles/parent_headsup_int8.dir/mnt/c/SideProject/RPI/pico/pico-sdk/src/rp2_common/pico_stdio/stdio.c.obj
                0x00000000100120d0                stdio_set_driver_enabled
 .text.__wrap_vprintf
                0x000000001001210c       0xec CMakeFiles/parent_headsup_int8.dir/mnt/c/SideProject/RPI/pico/pico-sdk/src/rp2_common/pico_stdio/stdio.c.obj
                0x000000001001210c                __wrap_vprintf
 .text.__wrap_printf
                0x00000000100121f8       0x18 CMakeFiles/parent_headsup_int8.dir/mnt/c/SideProject/RPI/pico/pico-sdk/src/rp2_common/pico_stdio/stdio.c.obj
                0x00000000100121f8                __wrap_printf
 .text.stdio_init_all
                0x0000000010012210        0x8 CMakeFiles/parent_headsup_int8.dir/mnt/c/SideProject/RPI/pico/pico-sdk/src/rp2_common/pico_stdio/stdio.c.obj
                0x0000000010012210                stdio_init_all
 .text.resetd_init
                0x0000000010012218        0x4 CMakeFiles/parent_headsup_int8.dir/mnt/c/SideProject/RPI/pico/pico-sdk/src/rp2_common/pico_stdio_usb/reset_interface.c.obj
 .text.resetd_reset
                0x000000001001221c        0xc CMakeFiles/parent_headsup_int8.dir/mnt/c/SideProject/RPI/pico/pico-sdk/src/rp2_common/pico_stdio_usb/reset_interface.c.obj
 .text.resetd_open
                0x0000000010012228       0x28 CMakeFiles/parent_headsup_int8.dir/mnt/c/SideProject/RPI/pico/pico-sdk/src/rp2_common/pico_stdio_usb/reset_interface.c.obj
 .text.resetd_xfer_cb
                0x0000000010012250        0x4 CMakeFiles/parent_headsup_int8.dir/mnt/c/SideProject/RPI/pico/pico-sdk/src/rp2_common/pico_stdio_usb/reset_interface.c.obj
 .text.resetd_control_xfer_cb
                0x0000000010012254       0x64 CMakeFiles/parent_headsup_int8.dir/mnt/c/SideProject/RPI/pico/pico-sdk/src/rp2_common/pico_stdio_usb/reset_interface.c.obj
 .text.usbd_app_driver_get_cb
                0x00000000100122b8        0xc CMakeFiles/parent_headsup_int8.dir/mnt/c/SideProject/RPI/pico/pico-sdk/src/rp2_common/pico_stdio_usb/reset_interface.c.obj
                0x00000000100122b8                usbd_app_driver_get_cb
 .text.tud_cdc_line_coding_cb
                0x00000000100122c4       0x34 CMakeFiles/parent_headsup_int8.dir/mnt/c/SideProject/RPI/pico/pico-sdk/src/rp2_common/pico_stdio_usb/reset_interface.c.obj
                0x00000000100122c4                tud_cdc_line_coding_cb
 .text.stdio_usb_in_chars
                0x00000000100122f8       0x68 CMakeFiles/parent_headsup_int8.dir/mnt/c/SideProject/RPI/pico/pico-sdk/src/rp2_common/pico_stdio_usb/stdio_usb.c.obj
                0x00000000100122f8                stdio_usb_in_chars
 .text.stdio_usb_out_chars
                0x0000000010012360       0xec CMakeFiles/parent_headsup_int8.dir/mnt/c/SideProject/RPI/pico/pico-sdk/src/rp2_common/pico_stdio_usb/stdio_usb.c.obj
 .text.timer_task
                0x000000001001244c       0x10 CMakeFiles/parent_headsup_int8.dir/mnt/c/SideProject/RPI/pico/pico-sdk/src/rp2_common/pico_stdio_usb/stdio_usb.c.obj
 .text.low_priority_worker_irq
                0x000000001001245c       0x24 CMakeFiles/parent_headsup_int8.dir/mnt/c/SideProject/RPI/pico/pico-sdk/src/rp2_common/pico_stdio_usb/stdio_usb.c.obj
 .text.stdio_usb_init
                0x0000000010012480       0x90 CMakeFiles/parent_headsup_int8.dir/mnt/c/SideProject/RPI/pico/pico-sdk/src/rp2_common/pico_stdio_usb/stdio_usb.c.obj
                0x0000000010012480                stdio_usb_init
 .text.tud_descriptor_device_cb
                0x0000000010012510        0x8 CMakeFiles/parent_headsup_int8.dir/mnt/c/SideProject/RPI/pico/pico-sdk/src/rp2_common/pico_stdio_usb/stdio_usb_descriptors.c.obj
                0x0000000010012510                tud_descriptor_device_cb
 .text.tud_descriptor_configuration_cb
                0x0000000010012518        0x8 CMakeFiles/parent_headsup_int8.dir/mnt/c/SideProject/RPI/pico/pico-sdk/src/rp2_common/pico_stdio_usb/stdio_usb_descriptors.c.obj
                0x0000000010012518                tud_descriptor_configuration_cb
 .text.tud_descriptor_string_cb
                0x0000000010012520       0x70 CMakeFiles/parent_headsup_int8.dir/mnt/c/SideProject/RPI/pico/pico-sdk/src/rp2_common/pico_stdio_usb/stdio_usb_descriptors.c.obj
                0x0000000010012520                tud_descriptor_string_cb
 .text.dcd_rp2040_irq